nohup: ignoring input
/home/user/yawarb/tierfed/.venv/lib/python3.12/site-packages/ucimlrepo/fetch.py:97: DtypeWarning: Columns (0: payer_code) have mixed types. Specify dtype option on import or set low_memory=False.
  df = pd.read_csv(data_url)
/home/user/yawarb/tierfed/.venv/lib/python3.12/site-packages/ucimlrepo/fetch.py:97: DtypeWarning: Columns (0: payer_code) have mixed types. Specify dtype option on import or set low_memory=False.
  df = pd.read_csv(data_url)
[19:54:45] INFO      tierfed | diabetes/mlp | seed 42 | 20 clients | 60 rounds | device cpu
[19:54:45] INFO      tierfed | diabetes/mlp | seed 42 | 20 clients | 60 rounds | device cpu
Traceback (most recent call last):
Traceback (most recent call last):
  File "<frozen runpy>", line 198, in _run_module_as_main
  File "<frozen runpy>", line 198, in _run_module_as_main
  File "<frozen runpy>", line 88, in _run_code
  File "<frozen runpy>", line 88, in _run_code
  File "/home/user/yawarb/tierfed/src/experiments/run_one.py", line 54, in <module>
  File "/home/user/yawarb/tierfed/src/experiments/run_one.py", line 54, in <module>
    main()
  File "/home/user/yawarb/tierfed/src/experiments/run_one.py", line 50, in main
    main()
  File "/home/user/yawarb/tierfed/src/experiments/run_one.py", line 50, in main
    run_single(cfg)
  File "/home/user/yawarb/tierfed/src/experiments/runner.py", line 58, in run_single
    run_single(cfg)
  File "/home/user/yawarb/tierfed/src/experiments/runner.py", line 58, in run_single
    res = server.run()
          ^^^^^^^^^^^^
  File "/home/user/yawarb/tierfed/src/server.py", line 70, in run
    res = server.run()
          ^^^^^^^^^^^^
  File "/home/user/yawarb/tierfed/src/server.py", line 70, in run
    self.global_state = self.strategy.aggregate(self.global_state, states, weights, r)
                        ^^^^^^^^^^^^^^^^^^^^^^^^^^^^^^^^^^^^^^^^^^^^^^^^^^^^^^^^^^^^^^
  File "/home/user/yawarb/tierfed/src/strategies/adaptive.py", line 101, in aggregate
    self.global_state = self.strategy.aggregate(self.global_state, states, weights, r)
                        ^^^^^^^^^^^^^^^^^^^^^^^^^^^^^^^^^^^^^^^^^^^^^^^^^^^^^^^^^^^^^^
  File "/home/user/yawarb/tierfed/src/strategies/adaptive.py", line 101, in aggregate
    return self.apply_dp(global_state, new, keys, len(client_states))
           ^^^^^^^^^^^^^^^^^^^^^^^^^^^^^^^^^^^^^^^^^^^^^^^^^^^^^^^^^^
  File "/home/user/yawarb/tierfed/src/strategies/base.py", line 80, in apply_dp
    return self.apply_dp(global_state, new, keys, len(client_states))
           ^^^^^^^^^^^^^^^^^^^^^^^^^^^^^^^^^^^^^^^^^^^^^^^^^^^^^^^^^^
  File "/home/user/yawarb/tierfed/src/strategies/base.py", line 80, in apply_dp
    delta, _, _ = clip_update(delta, self.dp.max_norm)
                  ^^^^^^^^^^^^^^^^^^^^^^^^^^^^^^^^^^^^
  File "/home/user/yawarb/tierfed/src/privacy/dp.py", line 20, in clip_update
    delta, _, _ = clip_update(delta, self.dp.max_norm)
                  ^^^^^^^^^^^^^^^^^^^^^^^^^^^^^^^^^^^^
  File "/home/user/yawarb/tierfed/src/privacy/dp.py", line 20, in clip_update
    total = torch.sqrt(sum((v.detach().float() ** 2).sum() for v in update.values()))
            ^^^^^^^^^^^^^^^^^^^^^^^^^^^^^^^^^^^^^^^^^^^^^^^^^^^^^^^^^^^^^^^^^^^^^^^^^
TypeError: sqrt(): argument 'input' (position 1) must be Tensor, not int
    total = torch.sqrt(sum((v.detach().float() ** 2).sum() for v in update.values()))
            ^^^^^^^^^^^^^^^^^^^^^^^^^^^^^^^^^^^^^^^^^^^^^^^^^^^^^^^^^^^^^^^^^^^^^^^^^
TypeError: sqrt(): argument 'input' (position 1) must be Tensor, not int
[partition] lpt: 20 clients | sizes 648/799/38875 | prevalence 0.054-0.156 | label TV 0.0182
[partition] lpt: 20 clients | sizes 648/799/38875 | prevalence 0.055-0.156 | label TV 0.0182
/home/user/yawarb/tierfed/.venv/lib/python3.12/site-packages/ucimlrepo/fetch.py:97: DtypeWarning: Columns (0: payer_code) have mixed types. Specify dtype option on import or set low_memory=False.
  df = pd.read_csv(data_url)
/home/user/yawarb/tierfed/.venv/lib/python3.12/site-packages/ucimlrepo/fetch.py:97: DtypeWarning: Columns (0: payer_code) have mixed types. Specify dtype option on import or set low_memory=False.
  df = pd.read_csv(data_url)
[19:55:56] INFO      tierfed | diabetes/mlp | seed 43 | 20 clients | 60 rounds | device cpu
[19:55:56] INFO      tierfed | diabetes/mlp | seed 42 | 20 clients | 60 rounds | device cpu
Traceback (most recent call last):
  File "<frozen runpy>", line 198, in _run_module_as_main
  File "<frozen runpy>", line 88, in _run_code
  File "/home/user/yawarb/tierfed/src/experiments/run_one.py", line 54, in <module>
    main()
  File "/home/user/yawarb/tierfed/src/experiments/run_one.py", line 50, in main
    run_single(cfg)
  File "/home/user/yawarb/tierfed/src/experiments/runner.py", line 58, in run_single
    res = server.run()
          ^^^^^^^^^^^^
  File "/home/user/yawarb/tierfed/src/server.py", line 70, in run
    self.global_state = self.strategy.aggregate(self.global_state, states, weights, r)
                        ^^^^^^^^^^^^^^^^^^^^^^^^^^^^^^^^^^^^^^^^^^^^^^^^^^^^^^^^^^^^^^
  File "/home/user/yawarb/tierfed/src/strategies/adaptive.py", line 101, in aggregate
    return self.apply_dp(global_state, new, keys, len(client_states))
           ^^^^^^^^^^^^^^^^^^^^^^^^^^^^^^^^^^^^^^^^^^^^^^^^^^^^^^^^^^
  File "/home/user/yawarb/tierfed/src/strategies/base.py", line 80, in apply_dp
    delta, _, _ = clip_update(delta, self.dp.max_norm)
                  ^^^^^^^^^^^^^^^^^^^^^^^^^^^^^^^^^^^^
  File "/home/user/yawarb/tierfed/src/privacy/dp.py", line 20, in clip_update
    total = torch.sqrt(sum((v.detach().float() ** 2).sum() for v in update.values()))
            ^^^^^^^^^^^^^^^^^^^^^^^^^^^^^^^^^^^^^^^^^^^^^^^^^^^^^^^^^^^^^^^^^^^^^^^^^
TypeError: sqrt(): argument 'input' (position 1) must be Tensor, not int
[partition] lpt: 20 clients | sizes 648/799/38875 | prevalence 0.054-0.156 | label TV 0.0183
Traceback (most recent call last):
  File "<frozen runpy>", line 198, in _run_module_as_main
  File "<frozen runpy>", line 88, in _run_code
  File "/home/user/yawarb/tierfed/src/experiments/run_one.py", line 54, in <module>
    main()
  File "/home/user/yawarb/tierfed/src/experiments/run_one.py", line 50, in main
    run_single(cfg)
  File "/home/user/yawarb/tierfed/src/experiments/runner.py", line 58, in run_single
    res = server.run()
          ^^^^^^^^^^^^
  File "/home/user/yawarb/tierfed/src/server.py", line 70, in run
    self.global_state = self.strategy.aggregate(self.global_state, states, weights, r)
                        ^^^^^^^^^^^^^^^^^^^^^^^^^^^^^^^^^^^^^^^^^^^^^^^^^^^^^^^^^^^^^^
  File "/home/user/yawarb/tierfed/src/strategies/adaptive.py", line 101, in aggregate
    return self.apply_dp(global_state, new, keys, len(client_states))
           ^^^^^^^^^^^^^^^^^^^^^^^^^^^^^^^^^^^^^^^^^^^^^^^^^^^^^^^^^^
  File "/home/user/yawarb/tierfed/src/strategies/base.py", line 80, in apply_dp
    delta, _, _ = clip_update(delta, self.dp.max_norm)
                  ^^^^^^^^^^^^^^^^^^^^^^^^^^^^^^^^^^^^
  File "/home/user/yawarb/tierfed/src/privacy/dp.py", line 20, in clip_update
    total = torch.sqrt(sum((v.detach().float() ** 2).sum() for v in update.values()))
            ^^^^^^^^^^^^^^^^^^^^^^^^^^^^^^^^^^^^^^^^^^^^^^^^^^^^^^^^^^^^^^^^^^^^^^^^^
TypeError: sqrt(): argument 'input' (position 1) must be Tensor, not int
[partition] lpt: 20 clients | sizes 648/790/38888 | prevalence 0.068-0.163 | label TV 0.0192
/home/user/yawarb/tierfed/.venv/lib/python3.12/site-packages/ucimlrepo/fetch.py:97: DtypeWarning: Columns (0: payer_code) have mixed types. Specify dtype option on import or set low_memory=False.
  df = pd.read_csv(data_url)
/home/user/yawarb/tierfed/.venv/lib/python3.12/site-packages/ucimlrepo/fetch.py:97: DtypeWarning: Columns (0: payer_code) have mixed types. Specify dtype option on import or set low_memory=False.
  df = pd.read_csv(data_url)
[19:56:53] INFO      tierfed | diabetes/mlp | seed 43 | 20 clients | 60 rounds | device cpu
[19:56:53] INFO      tierfed | diabetes/mlp | seed 43 | 20 clients | 60 rounds | device cpu
Traceback (most recent call last):
  File "<frozen runpy>", line 198, in _run_module_as_main
  File "<frozen runpy>", line 88, in _run_code
  File "/home/user/yawarb/tierfed/src/experiments/run_one.py", line 54, in <module>
    main()
  File "/home/user/yawarb/tierfed/src/experiments/run_one.py", line 50, in main
    run_single(cfg)
  File "/home/user/yawarb/tierfed/src/experiments/runner.py", line 58, in run_single
    res = server.run()
          ^^^^^^^^^^^^
  File "/home/user/yawarb/tierfed/src/server.py", line 70, in run
    self.global_state = self.strategy.aggregate(self.global_state, states, weights, r)
                        ^^^^^^^^^^^^^^^^^^^^^^^^^^^^^^^^^^^^^^^^^^^^^^^^^^^^^^^^^^^^^^
  File "/home/user/yawarb/tierfed/src/strategies/adaptive.py", line 101, in aggregate
    return self.apply_dp(global_state, new, keys, len(client_states))
           ^^^^^^^^^^^^^^^^^^^^^^^^^^^^^^^^^^^^^^^^^^^^^^^^^^^^^^^^^^
  File "/home/user/yawarb/tierfed/src/strategies/base.py", line 80, in apply_dp
    delta, _, _ = clip_update(delta, self.dp.max_norm)
                  ^^^^^^^^^^^^^^^^^^^^^^^^^^^^^^^^^^^^
  File "/home/user/yawarb/tierfed/src/privacy/dp.py", line 20, in clip_update
    total = torch.sqrt(sum((v.detach().float() ** 2).sum() for v in update.values()))
            ^^^^^^^^^^^^^^^^^^^^^^^^^^^^^^^^^^^^^^^^^^^^^^^^^^^^^^^^^^^^^^^^^^^^^^^^^
TypeError: sqrt(): argument 'input' (position 1) must be Tensor, not int
[partition] lpt: 20 clients | sizes 648/790/38888 | prevalence 0.068-0.163 | label TV 0.0193
Traceback (most recent call last):
  File "<frozen runpy>", line 198, in _run_module_as_main
  File "<frozen runpy>", line 88, in _run_code
  File "/home/user/yawarb/tierfed/src/experiments/run_one.py", line 54, in <module>
    main()
  File "/home/user/yawarb/tierfed/src/experiments/run_one.py", line 50, in main
    run_single(cfg)
  File "/home/user/yawarb/tierfed/src/experiments/runner.py", line 58, in run_single
    res = server.run()
          ^^^^^^^^^^^^
  File "/home/user/yawarb/tierfed/src/server.py", line 70, in run
    self.global_state = self.strategy.aggregate(self.global_state, states, weights, r)
                        ^^^^^^^^^^^^^^^^^^^^^^^^^^^^^^^^^^^^^^^^^^^^^^^^^^^^^^^^^^^^^^
  File "/home/user/yawarb/tierfed/src/strategies/adaptive.py", line 101, in aggregate
    return self.apply_dp(global_state, new, keys, len(client_states))
           ^^^^^^^^^^^^^^^^^^^^^^^^^^^^^^^^^^^^^^^^^^^^^^^^^^^^^^^^^^
  File "/home/user/yawarb/tierfed/src/strategies/base.py", line 80, in apply_dp
    delta, _, _ = clip_update(delta, self.dp.max_norm)
                  ^^^^^^^^^^^^^^^^^^^^^^^^^^^^^^^^^^^^
  File "/home/user/yawarb/tierfed/src/privacy/dp.py", line 20, in clip_update
    total = torch.sqrt(sum((v.detach().float() ** 2).sum() for v in update.values()))
            ^^^^^^^^^^^^^^^^^^^^^^^^^^^^^^^^^^^^^^^^^^^^^^^^^^^^^^^^^^^^^^^^^^^^^^^^^
TypeError: sqrt(): argument 'input' (position 1) must be Tensor, not int
[partition] lpt: 20 clients | sizes 648/790/38888 | prevalence 0.068-0.163 | label TV 0.0197
/home/user/yawarb/tierfed/.venv/lib/python3.12/site-packages/ucimlrepo/fetch.py:97: DtypeWarning: Columns (0: payer_code) have mixed types. Specify dtype option on import or set low_memory=False.
  df = pd.read_csv(data_url)
/home/user/yawarb/tierfed/.venv/lib/python3.12/site-packages/ucimlrepo/fetch.py:97: DtypeWarning: Columns (0: payer_code) have mixed types. Specify dtype option on import or set low_memory=False.
  df = pd.read_csv(data_url)
[19:57:58] INFO      tierfed | diabetes/mlp | seed 44 | 20 clients | 60 rounds | device cpu
[19:57:58] INFO      tierfed | diabetes/mlp | seed 44 | 20 clients | 60 rounds | device cpu
Traceback (most recent call last):
  File "<frozen runpy>", line 198, in _run_module_as_main
  File "<frozen runpy>", line 88, in _run_code
  File "/home/user/yawarb/tierfed/src/experiments/run_one.py", line 54, in <module>
    main()
  File "/home/user/yawarb/tierfed/src/experiments/run_one.py", line 50, in main
    run_single(cfg)
  File "/home/user/yawarb/tierfed/src/experiments/runner.py", line 58, in run_single
    res = server.run()
          ^^^^^^^^^^^^
  File "/home/user/yawarb/tierfed/src/server.py", line 70, in run
    self.global_state = self.strategy.aggregate(self.global_state, states, weights, r)
                        ^^^^^^^^^^^^^^^^^^^^^^^^^^^^^^^^^^^^^^^^^^^^^^^^^^^^^^^^^^^^^^
  File "/home/user/yawarb/tierfed/src/strategies/adaptive.py", line 101, in aggregate
    return self.apply_dp(global_state, new, keys, len(client_states))
           ^^^^^^^^^^^^^^^^^^^^^^^^^^^^^^^^^^^^^^^^^^^^^^^^^^^^^^^^^^
  File "/home/user/yawarb/tierfed/src/strategies/base.py", line 80, in apply_dp
    delta, _, _ = clip_update(delta, self.dp.max_norm)
                  ^^^^^^^^^^^^^^^^^^^^^^^^^^^^^^^^^^^^
  File "/home/user/yawarb/tierfed/src/privacy/dp.py", line 20, in clip_update
    total = torch.sqrt(sum((v.detach().float() ** 2).sum() for v in update.values()))
            ^^^^^^^^^^^^^^^^^^^^^^^^^^^^^^^^^^^^^^^^^^^^^^^^^^^^^^^^^^^^^^^^^^^^^^^^^
TypeError: sqrt(): argument 'input' (position 1) must be Tensor, not int
[partition] lpt: 20 clients | sizes 643/781/38955 | prevalence 0.072-0.163 | label TV 0.0166
Traceback (most recent call last):
  File "<frozen runpy>", line 198, in _run_module_as_main
  File "<frozen runpy>", line 88, in _run_code
  File "/home/user/yawarb/tierfed/src/experiments/run_one.py", line 54, in <module>
    main()
  File "/home/user/yawarb/tierfed/src/experiments/run_one.py", line 50, in main
    run_single(cfg)
  File "/home/user/yawarb/tierfed/src/experiments/runner.py", line 58, in run_single
    res = server.run()
          ^^^^^^^^^^^^
  File "/home/user/yawarb/tierfed/src/server.py", line 70, in run
    self.global_state = self.strategy.aggregate(self.global_state, states, weights, r)
                        ^^^^^^^^^^^^^^^^^^^^^^^^^^^^^^^^^^^^^^^^^^^^^^^^^^^^^^^^^^^^^^
  File "/home/user/yawarb/tierfed/src/strategies/adaptive.py", line 101, in aggregate
    return self.apply_dp(global_state, new, keys, len(client_states))
           ^^^^^^^^^^^^^^^^^^^^^^^^^^^^^^^^^^^^^^^^^^^^^^^^^^^^^^^^^^
  File "/home/user/yawarb/tierfed/src/strategies/base.py", line 80, in apply_dp
    delta, _, _ = clip_update(delta, self.dp.max_norm)
                  ^^^^^^^^^^^^^^^^^^^^^^^^^^^^^^^^^^^^
  File "/home/user/yawarb/tierfed/src/privacy/dp.py", line 20, in clip_update
    total = torch.sqrt(sum((v.detach().float() ** 2).sum() for v in update.values()))
            ^^^^^^^^^^^^^^^^^^^^^^^^^^^^^^^^^^^^^^^^^^^^^^^^^^^^^^^^^^^^^^^^^^^^^^^^^
TypeError: sqrt(): argument 'input' (position 1) must be Tensor, not int
[partition] lpt: 20 clients | sizes 643/781/38955 | prevalence 0.072-0.163 | label TV 0.0168
/home/user/yawarb/tierfed/.venv/lib/python3.12/site-packages/ucimlrepo/fetch.py:97: DtypeWarning: Columns (0: payer_code) have mixed types. Specify dtype option on import or set low_memory=False.
  df = pd.read_csv(data_url)
/home/user/yawarb/tierfed/.venv/lib/python3.12/site-packages/ucimlrepo/fetch.py:97: DtypeWarning: Columns (0: payer_code) have mixed types. Specify dtype option on import or set low_memory=False.
  df = pd.read_csv(data_url)
[19:59:08] INFO      tierfed | diabetes/mlp | seed 45 | 20 clients | 60 rounds | device cpu
[19:59:08] INFO      tierfed | diabetes/mlp | seed 44 | 20 clients | 60 rounds | device cpu
Traceback (most recent call last):
  File "<frozen runpy>", line 198, in _run_module_as_main
  File "<frozen runpy>", line 88, in _run_code
  File "/home/user/yawarb/tierfed/src/experiments/run_one.py", line 54, in <module>
    main()
  File "/home/user/yawarb/tierfed/src/experiments/run_one.py", line 50, in main
    run_single(cfg)
  File "/home/user/yawarb/tierfed/src/experiments/runner.py", line 58, in run_single
    res = server.run()
          ^^^^^^^^^^^^
  File "/home/user/yawarb/tierfed/src/server.py", line 70, in run
    self.global_state = self.strategy.aggregate(self.global_state, states, weights, r)
                        ^^^^^^^^^^^^^^^^^^^^^^^^^^^^^^^^^^^^^^^^^^^^^^^^^^^^^^^^^^^^^^
  File "/home/user/yawarb/tierfed/src/strategies/adaptive.py", line 101, in aggregate
    return self.apply_dp(global_state, new, keys, len(client_states))
           ^^^^^^^^^^^^^^^^^^^^^^^^^^^^^^^^^^^^^^^^^^^^^^^^^^^^^^^^^^
  File "/home/user/yawarb/tierfed/src/strategies/base.py", line 80, in apply_dp
    delta, _, _ = clip_update(delta, self.dp.max_norm)
                  ^^^^^^^^^^^^^^^^^^^^^^^^^^^^^^^^^^^^
  File "/home/user/yawarb/tierfed/src/privacy/dp.py", line 20, in clip_update
    total = torch.sqrt(sum((v.detach().float() ** 2).sum() for v in update.values()))
            ^^^^^^^^^^^^^^^^^^^^^^^^^^^^^^^^^^^^^^^^^^^^^^^^^^^^^^^^^^^^^^^^^^^^^^^^^
TypeError: sqrt(): argument 'input' (position 1) must be Tensor, not int
[partition] lpt: 20 clients | sizes 643/781/38955 | prevalence 0.072-0.163 | label TV 0.0169
Traceback (most recent call last):
  File "<frozen runpy>", line 198, in _run_module_as_main
  File "<frozen runpy>", line 88, in _run_code
  File "/home/user/yawarb/tierfed/src/experiments/run_one.py", line 54, in <module>
    main()
  File "/home/user/yawarb/tierfed/src/experiments/run_one.py", line 50, in main
    run_single(cfg)
  File "/home/user/yawarb/tierfed/src/experiments/runner.py", line 58, in run_single
    res = server.run()
          ^^^^^^^^^^^^
  File "/home/user/yawarb/tierfed/src/server.py", line 70, in run
    self.global_state = self.strategy.aggregate(self.global_state, states, weights, r)
                        ^^^^^^^^^^^^^^^^^^^^^^^^^^^^^^^^^^^^^^^^^^^^^^^^^^^^^^^^^^^^^^
  File "/home/user/yawarb/tierfed/src/strategies/adaptive.py", line 101, in aggregate
    return self.apply_dp(global_state, new, keys, len(client_states))
           ^^^^^^^^^^^^^^^^^^^^^^^^^^^^^^^^^^^^^^^^^^^^^^^^^^^^^^^^^^
  File "/home/user/yawarb/tierfed/src/strategies/base.py", line 80, in apply_dp
    delta, _, _ = clip_update(delta, self.dp.max_norm)
                  ^^^^^^^^^^^^^^^^^^^^^^^^^^^^^^^^^^^^
  File "/home/user/yawarb/tierfed/src/privacy/dp.py", line 20, in clip_update
    total = torch.sqrt(sum((v.detach().float() ** 2).sum() for v in update.values()))
            ^^^^^^^^^^^^^^^^^^^^^^^^^^^^^^^^^^^^^^^^^^^^^^^^^^^^^^^^^^^^^^^^^^^^^^^^^
TypeError: sqrt(): argument 'input' (position 1) must be Tensor, not int
[partition] lpt: 20 clients | sizes 650/797/38870 | prevalence 0.060-0.163 | label TV 0.0195
/home/user/yawarb/tierfed/.venv/lib/python3.12/site-packages/ucimlrepo/fetch.py:97: DtypeWarning: Columns (0: payer_code) have mixed types. Specify dtype option on import or set low_memory=False.
  df = pd.read_csv(data_url)
/home/user/yawarb/tierfed/.venv/lib/python3.12/site-packages/ucimlrepo/fetch.py:97: DtypeWarning: Columns (0: payer_code) have mixed types. Specify dtype option on import or set low_memory=False.
  df = pd.read_csv(data_url)
[20:00:11] INFO      tierfed | diabetes/mlp | seed 45 | 20 clients | 60 rounds | device cpu
[20:00:11] INFO      tierfed | diabetes/mlp | seed 45 | 20 clients | 60 rounds | device cpu
Traceback (most recent call last):
  File "<frozen runpy>", line 198, in _run_module_as_main
  File "<frozen runpy>", line 88, in _run_code
  File "/home/user/yawarb/tierfed/src/experiments/run_one.py", line 54, in <module>
    main()
  File "/home/user/yawarb/tierfed/src/experiments/run_one.py", line 50, in main
    run_single(cfg)
  File "/home/user/yawarb/tierfed/src/experiments/runner.py", line 58, in run_single
    res = server.run()
          ^^^^^^^^^^^^
  File "/home/user/yawarb/tierfed/src/server.py", line 70, in run
    self.global_state = self.strategy.aggregate(self.global_state, states, weights, r)
                        ^^^^^^^^^^^^^^^^^^^^^^^^^^^^^^^^^^^^^^^^^^^^^^^^^^^^^^^^^^^^^^
  File "/home/user/yawarb/tierfed/src/strategies/adaptive.py", line 101, in aggregate
    return self.apply_dp(global_state, new, keys, len(client_states))
           ^^^^^^^^^^^^^^^^^^^^^^^^^^^^^^^^^^^^^^^^^^^^^^^^^^^^^^^^^^
  File "/home/user/yawarb/tierfed/src/strategies/base.py", line 80, in apply_dp
    delta, _, _ = clip_update(delta, self.dp.max_norm)
                  ^^^^^^^^^^^^^^^^^^^^^^^^^^^^^^^^^^^^
  File "/home/user/yawarb/tierfed/src/privacy/dp.py", line 20, in clip_update
    total = torch.sqrt(sum((v.detach().float() ** 2).sum() for v in update.values()))
            ^^^^^^^^^^^^^^^^^^^^^^^^^^^^^^^^^^^^^^^^^^^^^^^^^^^^^^^^^^^^^^^^^^^^^^^^^
TypeError: sqrt(): argument 'input' (position 1) must be Tensor, not int
[partition] lpt: 20 clients | sizes 650/797/38870 | prevalence 0.060-0.163 | label TV 0.0195
Traceback (most recent call last):
  File "<frozen runpy>", line 198, in _run_module_as_main
  File "<frozen runpy>", line 88, in _run_code
  File "/home/user/yawarb/tierfed/src/experiments/run_one.py", line 54, in <module>
    main()
  File "/home/user/yawarb/tierfed/src/experiments/run_one.py", line 50, in main
    run_single(cfg)
  File "/home/user/yawarb/tierfed/src/experiments/runner.py", line 58, in run_single
    res = server.run()
          ^^^^^^^^^^^^
  File "/home/user/yawarb/tierfed/src/server.py", line 70, in run
    self.global_state = self.strategy.aggregate(self.global_state, states, weights, r)
                        ^^^^^^^^^^^^^^^^^^^^^^^^^^^^^^^^^^^^^^^^^^^^^^^^^^^^^^^^^^^^^^
  File "/home/user/yawarb/tierfed/src/strategies/adaptive.py", line 101, in aggregate
    return self.apply_dp(global_state, new, keys, len(client_states))
           ^^^^^^^^^^^^^^^^^^^^^^^^^^^^^^^^^^^^^^^^^^^^^^^^^^^^^^^^^^
  File "/home/user/yawarb/tierfed/src/strategies/base.py", line 80, in apply_dp
    delta, _, _ = clip_update(delta, self.dp.max_norm)
                  ^^^^^^^^^^^^^^^^^^^^^^^^^^^^^^^^^^^^
  File "/home/user/yawarb/tierfed/src/privacy/dp.py", line 20, in clip_update
    total = torch.sqrt(sum((v.detach().float() ** 2).sum() for v in update.values()))
            ^^^^^^^^^^^^^^^^^^^^^^^^^^^^^^^^^^^^^^^^^^^^^^^^^^^^^^^^^^^^^^^^^^^^^^^^^
TypeError: sqrt(): argument 'input' (position 1) must be Tensor, not int
[partition] lpt: 20 clients | sizes 650/797/38870 | prevalence 0.052-0.163 | label TV 0.0198
/home/user/yawarb/tierfed/.venv/lib/python3.12/site-packages/ucimlrepo/fetch.py:97: DtypeWarning: Columns (0: payer_code) have mixed types. Specify dtype option on import or set low_memory=False.
  df = pd.read_csv(data_url)
/home/user/yawarb/tierfed/.venv/lib/python3.12/site-packages/ucimlrepo/fetch.py:97: DtypeWarning: Columns (0: payer_code) have mixed types. Specify dtype option on import or set low_memory=False.
  df = pd.read_csv(data_url)
[20:01:18] INFO      tierfed | diabetes/mlp | seed 46 | 20 clients | 60 rounds | device cpu
[20:01:18] INFO      tierfed | diabetes/mlp | seed 46 | 20 clients | 60 rounds | device cpu
Traceback (most recent call last):
  File "<frozen runpy>", line 198, in _run_module_as_main
  File "<frozen runpy>", line 88, in _run_code
  File "/home/user/yawarb/tierfed/src/experiments/run_one.py", line 54, in <module>
    main()
  File "/home/user/yawarb/tierfed/src/experiments/run_one.py", line 50, in main
    run_single(cfg)
  File "/home/user/yawarb/tierfed/src/experiments/runner.py", line 58, in run_single
    res = server.run()
          ^^^^^^^^^^^^
  File "/home/user/yawarb/tierfed/src/server.py", line 70, in run
    self.global_state = self.strategy.aggregate(self.global_state, states, weights, r)
                        ^^^^^^^^^^^^^^^^^^^^^^^^^^^^^^^^^^^^^^^^^^^^^^^^^^^^^^^^^^^^^^
  File "/home/user/yawarb/tierfed/src/strategies/adaptive.py", line 101, in aggregate
    return self.apply_dp(global_state, new, keys, len(client_states))
           ^^^^^^^^^^^^^^^^^^^^^^^^^^^^^^^^^^^^^^^^^^^^^^^^^^^^^^^^^^
  File "/home/user/yawarb/tierfed/src/strategies/base.py", line 80, in apply_dp
    delta, _, _ = clip_update(delta, self.dp.max_norm)
                  ^^^^^^^^^^^^^^^^^^^^^^^^^^^^^^^^^^^^
  File "/home/user/yawarb/tierfed/src/privacy/dp.py", line 20, in clip_update
    total = torch.sqrt(sum((v.detach().float() ** 2).sum() for v in update.values()))
            ^^^^^^^^^^^^^^^^^^^^^^^^^^^^^^^^^^^^^^^^^^^^^^^^^^^^^^^^^^^^^^^^^^^^^^^^^
TypeError: sqrt(): argument 'input' (position 1) must be Tensor, not int
[partition] lpt: 20 clients | sizes 645/794/38898 | prevalence 0.056-0.164 | label TV 0.0163
Traceback (most recent call last):
  File "<frozen runpy>", line 198, in _run_module_as_main
  File "<frozen runpy>", line 88, in _run_code
  File "/home/user/yawarb/tierfed/src/experiments/run_one.py", line 54, in <module>
    main()
  File "/home/user/yawarb/tierfed/src/experiments/run_one.py", line 50, in main
    run_single(cfg)
  File "/home/user/yawarb/tierfed/src/experiments/runner.py", line 58, in run_single
    res = server.run()
          ^^^^^^^^^^^^
  File "/home/user/yawarb/tierfed/src/server.py", line 70, in run
    self.global_state = self.strategy.aggregate(self.global_state, states, weights, r)
                        ^^^^^^^^^^^^^^^^^^^^^^^^^^^^^^^^^^^^^^^^^^^^^^^^^^^^^^^^^^^^^^
  File "/home/user/yawarb/tierfed/src/strategies/adaptive.py", line 101, in aggregate
    return self.apply_dp(global_state, new, keys, len(client_states))
           ^^^^^^^^^^^^^^^^^^^^^^^^^^^^^^^^^^^^^^^^^^^^^^^^^^^^^^^^^^
  File "/home/user/yawarb/tierfed/src/strategies/base.py", line 80, in apply_dp
    delta, _, _ = clip_update(delta, self.dp.max_norm)
                  ^^^^^^^^^^^^^^^^^^^^^^^^^^^^^^^^^^^^
  File "/home/user/yawarb/tierfed/src/privacy/dp.py", line 20, in clip_update
    total = torch.sqrt(sum((v.detach().float() ** 2).sum() for v in update.values()))
            ^^^^^^^^^^^^^^^^^^^^^^^^^^^^^^^^^^^^^^^^^^^^^^^^^^^^^^^^^^^^^^^^^^^^^^^^^
TypeError: sqrt(): argument 'input' (position 1) must be Tensor, not int
[partition] lpt: 20 clients | sizes 645/794/38898 | prevalence 0.056-0.164 | label TV 0.0181
/home/user/yawarb/tierfed/.venv/lib/python3.12/site-packages/ucimlrepo/fetch.py:97: DtypeWarning: Columns (0: payer_code) have mixed types. Specify dtype option on import or set low_memory=False.
  df = pd.read_csv(data_url)
[20:02:33] INFO      tierfed | diabetes/mlp | seed 46 | 20 clients | 60 rounds | device cpu
Traceback (most recent call last):
  File "<frozen runpy>", line 198, in _run_module_as_main
  File "<frozen runpy>", line 88, in _run_code
  File "/home/user/yawarb/tierfed/src/experiments/run_one.py", line 54, in <module>
    main()
  File "/home/user/yawarb/tierfed/src/experiments/run_one.py", line 50, in main
    run_single(cfg)
  File "/home/user/yawarb/tierfed/src/experiments/runner.py", line 58, in run_single
    res = server.run()
          ^^^^^^^^^^^^
  File "/home/user/yawarb/tierfed/src/server.py", line 70, in run
    self.global_state = self.strategy.aggregate(self.global_state, states, weights, r)
                        ^^^^^^^^^^^^^^^^^^^^^^^^^^^^^^^^^^^^^^^^^^^^^^^^^^^^^^^^^^^^^^
  File "/home/user/yawarb/tierfed/src/strategies/adaptive.py", line 101, in aggregate
    return self.apply_dp(global_state, new, keys, len(client_states))
           ^^^^^^^^^^^^^^^^^^^^^^^^^^^^^^^^^^^^^^^^^^^^^^^^^^^^^^^^^^
  File "/home/user/yawarb/tierfed/src/strategies/base.py", line 80, in apply_dp
    delta, _, _ = clip_update(delta, self.dp.max_norm)
                  ^^^^^^^^^^^^^^^^^^^^^^^^^^^^^^^^^^^^
  File "/home/user/yawarb/tierfed/src/privacy/dp.py", line 20, in clip_update
    total = torch.sqrt(sum((v.detach().float() ** 2).sum() for v in update.values()))
            ^^^^^^^^^^^^^^^^^^^^^^^^^^^^^^^^^^^^^^^^^^^^^^^^^^^^^^^^^^^^^^^^^^^^^^^^^
TypeError: sqrt(): argument 'input' (position 1) must be Tensor, not int
[partition] lpt: 20 clients | sizes 645/794/38898 | prevalence 0.056-0.164 | label TV 0.0182
DONE_TFDP
