nohup: ignoring input
/home/user/yawarb/tierfed/.venv/lib/python3.12/site-packages/ucimlrepo/fetch.py:97: DtypeWarning: Columns (0: payer_code) have mixed types. Specify dtype option on import or set low_memory=False.
  df = pd.read_csv(data_url)
/home/user/yawarb/tierfed/.venv/lib/python3.12/site-packages/ucimlrepo/fetch.py:97: DtypeWarning: Columns (0: payer_code) have mixed types. Specify dtype option on import or set low_memory=False.
  df = pd.read_csv(data_url)
/home/user/yawarb/tierfed/.venv/lib/python3.12/site-packages/ucimlrepo/fetch.py:97: DtypeWarning: Columns (0: payer_code) have mixed types. Specify dtype option on import or set low_memory=False.
  df = pd.read_csv(data_url)
/home/user/yawarb/tierfed/.venv/lib/python3.12/site-packages/ucimlrepo/fetch.py:97: DtypeWarning: Columns (0: payer_code) have mixed types. Specify dtype option on import or set low_memory=False.
  df = pd.read_csv(data_url)
[16:34:40] INFO      tierfed | diabetes/mlp | seed 42 | 20 clients | 60 rounds | device cpu
[16:34:40] INFO      tierfed | diabetes/mlp | seed 42 | 20 clients | 60 rounds | device cpu
[16:34:40] INFO      tierfed | diabetes/mlp | seed 42 | 20 clients | 60 rounds | device cpu
[16:34:40] INFO      tierfed | diabetes/mlp | seed 42 | 20 clients | 60 rounds | device cpu
[16:37:24] INFO   -> AUROC final 0.7303 best 0.7332 PPD 0.0029 | AUPRC 0.3213 | upload 65.7 MB
[partition] lpt: 20 clients | sizes 648/799/38875 | prevalence 0.054-0.156 | label TV 0.0182
[16:37:25] INFO   -> AUROC final 0.7183 best 0.7214 PPD 0.0031 | AUPRC 0.3273 | upload 65.7 MB
[partition] lpt: 20 clients | sizes 648/799/38875 | prevalence 0.054-0.156 | label TV 0.0183
[16:37:32] INFO   -> AUROC final 0.6898 best 0.6905 PPD 0.0007 | AUPRC 0.2599 | upload 65.7 MB
[partition] lpt: 20 clients | sizes 648/799/38875 | prevalence 0.054-0.156 | label TV 0.0182
[16:37:34] INFO   -> AUROC final 0.7359 best 0.7359 PPD 0.0000 | AUPRC 0.3305 | upload 65.7 MB
[partition] lpt: 20 clients | sizes 648/799/38875 | prevalence 0.054-0.156 | label TV 0.0182
/home/user/yawarb/tierfed/.venv/lib/python3.12/site-packages/ucimlrepo/fetch.py:97: DtypeWarning: Columns (0: payer_code) have mixed types. Specify dtype option on import or set low_memory=False.
  df = pd.read_csv(data_url)
/home/user/yawarb/tierfed/.venv/lib/python3.12/site-packages/ucimlrepo/fetch.py:97: DtypeWarning: Columns (0: payer_code) have mixed types. Specify dtype option on import or set low_memory=False.
  df = pd.read_csv(data_url)
/home/user/yawarb/tierfed/.venv/lib/python3.12/site-packages/ucimlrepo/fetch.py:97: DtypeWarning: Columns (0: payer_code) have mixed types. Specify dtype option on import or set low_memory=False.
  df = pd.read_csv(data_url)
/home/user/yawarb/tierfed/.venv/lib/python3.12/site-packages/ucimlrepo/fetch.py:97: DtypeWarning: Columns (0: payer_code) have mixed types. Specify dtype option on import or set low_memory=False.
  df = pd.read_csv(data_url)
[16:37:49] INFO      tierfed | diabetes/mlp | seed 42 | 20 clients | 60 rounds | device cpu
[16:37:49] INFO      tierfed | diabetes/mlp | seed 42 | 20 clients | 60 rounds | device cpu
[16:37:49] INFO      tierfed | diabetes/mlp | seed 42 | 20 clients | 60 rounds | device cpu
[16:37:49] INFO      tierfed | diabetes/mlp | seed 42 | 20 clients | 60 rounds | device cpu
[16:40:32] INFO   -> AUROC final 0.7358 best 0.7366 PPD 0.0008 | AUPRC 0.3271 | upload 65.7 MB
[partition] lpt: 20 clients | sizes 648/799/38875 | prevalence 0.055-0.156 | label TV 0.0182
[16:40:32] INFO   -> AUROC final 0.6882 best 0.6902 PPD 0.0020 | AUPRC 0.2584 | upload 9.5 MB
[partition] lpt: 20 clients | sizes 648/799/38875 | prevalence 0.054-0.156 | label TV 0.0183
[16:40:33] INFO   -> AUROC final 0.7326 best 0.7326 PPD 0.0000 | AUPRC 0.3278 | upload 16.4 MB
[partition] lpt: 20 clients | sizes 648/799/38875 | prevalence 0.055-0.156 | label TV 0.0182
[16:40:34] INFO   -> AUROC final 0.6838 best 0.7115 PPD 0.0277 | AUPRC 0.2539 | upload 1.5 MB
[partition] lpt: 20 clients | sizes 648/799/38875 | prevalence 0.054-0.156 | label TV 0.0185
/home/user/yawarb/tierfed/.venv/lib/python3.12/site-packages/ucimlrepo/fetch.py:97: DtypeWarning: Columns (0: payer_code) have mixed types. Specify dtype option on import or set low_memory=False.
  df = pd.read_csv(data_url)
/home/user/yawarb/tierfed/.venv/lib/python3.12/site-packages/ucimlrepo/fetch.py:97: DtypeWarning: Columns (0: payer_code) have mixed types. Specify dtype option on import or set low_memory=False.
  df = pd.read_csv(data_url)
/home/user/yawarb/tierfed/.venv/lib/python3.12/site-packages/ucimlrepo/fetch.py:97: DtypeWarning: Columns (0: payer_code) have mixed types. Specify dtype option on import or set low_memory=False.
  df = pd.read_csv(data_url)
/home/user/yawarb/tierfed/.venv/lib/python3.12/site-packages/ucimlrepo/fetch.py:97: DtypeWarning: Columns (0: payer_code) have mixed types. Specify dtype option on import or set low_memory=False.
  df = pd.read_csv(data_url)
[16:40:54] INFO      tierfed | diabetes/mlp | seed 42 | 20 clients | 60 rounds | device cpu
[16:40:54] INFO      tierfed | diabetes/mlp | seed 42 | 20 clients | 60 rounds | device cpu
[16:40:54] INFO      tierfed | diabetes/mlp | seed 43 | 20 clients | 60 rounds | device cpu
[16:40:54] INFO      tierfed | diabetes/mlp | seed 42 | 20 clients | 60 rounds | device cpu
Traceback (most recent call last):
  File "<frozen runpy>", line 198, in _run_module_as_main
  File "<frozen runpy>", line 88, in _run_code
  File "/home/user/yawarb/tierfed/src/experiments/run_one.py", line 54, in <module>
    main()
  File "/home/user/yawarb/tierfed/src/experiments/run_one.py", line 50, in main
    run_single(cfg)
  File "/home/user/yawarb/tierfed/src/experiments/runner.py", line 58, in run_single
    res = server.run()
          ^^^^^^^^^^^^
  File "/home/user/yawarb/tierfed/src/server.py", line 70, in run
    self.global_state = self.strategy.aggregate(self.global_state, states, weights, r)
                        ^^^^^^^^^^^^^^^^^^^^^^^^^^^^^^^^^^^^^^^^^^^^^^^^^^^^^^^^^^^^^^
  File "/home/user/yawarb/tierfed/src/strategies/adaptive.py", line 101, in aggregate
    return self.apply_dp(global_state, new, keys, len(client_states))
           ^^^^^^^^^^^^^^^^^^^^^^^^^^^^^^^^^^^^^^^^^^^^^^^^^^^^^^^^^^
  File "/home/user/yawarb/tierfed/src/strategies/base.py", line 80, in apply_dp
    delta, _, _ = clip_update(delta, self.dp.max_norm)
                  ^^^^^^^^^^^^^^^^^^^^^^^^^^^^^^^^^^^^
  File "/home/user/yawarb/tierfed/src/privacy/dp.py", line 20, in clip_update
    total = torch.sqrt(sum((v.detach().float() ** 2).sum() for v in update.values()))
            ^^^^^^^^^^^^^^^^^^^^^^^^^^^^^^^^^^^^^^^^^^^^^^^^^^^^^^^^^^^^^^^^^^^^^^^^^
TypeError: sqrt(): argument 'input' (position 1) must be Tensor, not int
[partition] lpt: 20 clients | sizes 648/799/38875 | prevalence 0.054-0.156 | label TV 0.0183
Traceback (most recent call last):
  File "<frozen runpy>", line 198, in _run_module_as_main
  File "<frozen runpy>", line 88, in _run_code
  File "/home/user/yawarb/tierfed/src/experiments/run_one.py", line 54, in <module>
    main()
  File "/home/user/yawarb/tierfed/src/experiments/run_one.py", line 50, in main
    run_single(cfg)
  File "/home/user/yawarb/tierfed/src/experiments/runner.py", line 58, in run_single
    res = server.run()
          ^^^^^^^^^^^^
  File "/home/user/yawarb/tierfed/src/server.py", line 70, in run
    self.global_state = self.strategy.aggregate(self.global_state, states, weights, r)
                        ^^^^^^^^^^^^^^^^^^^^^^^^^^^^^^^^^^^^^^^^^^^^^^^^^^^^^^^^^^^^^^
  File "/home/user/yawarb/tierfed/src/strategies/adaptive.py", line 101, in aggregate
    return self.apply_dp(global_state, new, keys, len(client_states))
           ^^^^^^^^^^^^^^^^^^^^^^^^^^^^^^^^^^^^^^^^^^^^^^^^^^^^^^^^^^
  File "/home/user/yawarb/tierfed/src/strategies/base.py", line 80, in apply_dp
    delta, _, _ = clip_update(delta, self.dp.max_norm)
                  ^^^^^^^^^^^^^^^^^^^^^^^^^^^^^^^^^^^^
  File "/home/user/yawarb/tierfed/src/privacy/dp.py", line 20, in clip_update
    total = torch.sqrt(sum((v.detach().float() ** 2).sum() for v in update.values()))
            ^^^^^^^^^^^^^^^^^^^^^^^^^^^^^^^^^^^^^^^^^^^^^^^^^^^^^^^^^^^^^^^^^^^^^^^^^
TypeError: sqrt(): argument 'input' (position 1) must be Tensor, not int
[partition] lpt: 20 clients | sizes 648/799/38875 | prevalence 0.054-0.156 | label TV 0.0182
Traceback (most recent call last):
  File "<frozen runpy>", line 198, in _run_module_as_main
  File "<frozen runpy>", line 88, in _run_code
  File "/home/user/yawarb/tierfed/src/experiments/run_one.py", line 54, in <module>
    main()
  File "/home/user/yawarb/tierfed/src/experiments/run_one.py", line 50, in main
    run_single(cfg)
  File "/home/user/yawarb/tierfed/src/experiments/runner.py", line 58, in run_single
    res = server.run()
          ^^^^^^^^^^^^
  File "/home/user/yawarb/tierfed/src/server.py", line 70, in run
    self.global_state = self.strategy.aggregate(self.global_state, states, weights, r)
                        ^^^^^^^^^^^^^^^^^^^^^^^^^^^^^^^^^^^^^^^^^^^^^^^^^^^^^^^^^^^^^^
  File "/home/user/yawarb/tierfed/src/strategies/adaptive.py", line 101, in aggregate
    return self.apply_dp(global_state, new, keys, len(client_states))
           ^^^^^^^^^^^^^^^^^^^^^^^^^^^^^^^^^^^^^^^^^^^^^^^^^^^^^^^^^^
  File "/home/user/yawarb/tierfed/src/strategies/base.py", line 80, in apply_dp
    delta, _, _ = clip_update(delta, self.dp.max_norm)
                  ^^^^^^^^^^^^^^^^^^^^^^^^^^^^^^^^^^^^
  File "/home/user/yawarb/tierfed/src/privacy/dp.py", line 20, in clip_update
    total = torch.sqrt(sum((v.detach().float() ** 2).sum() for v in update.values()))
            ^^^^^^^^^^^^^^^^^^^^^^^^^^^^^^^^^^^^^^^^^^^^^^^^^^^^^^^^^^^^^^^^^^^^^^^^^
TypeError: sqrt(): argument 'input' (position 1) must be Tensor, not int
[partition] lpt: 20 clients | sizes 648/799/38875 | prevalence 0.054-0.156 | label TV 0.0183
/home/user/yawarb/tierfed/.venv/lib/python3.12/site-packages/ucimlrepo/fetch.py:97: DtypeWarning: Columns (0: payer_code) have mixed types. Specify dtype option on import or set low_memory=False.
  df = pd.read_csv(data_url)
/home/user/yawarb/tierfed/.venv/lib/python3.12/site-packages/ucimlrepo/fetch.py:97: DtypeWarning: Columns (0: payer_code) have mixed types. Specify dtype option on import or set low_memory=False.
  df = pd.read_csv(data_url)
/home/user/yawarb/tierfed/.venv/lib/python3.12/site-packages/ucimlrepo/fetch.py:97: DtypeWarning: Columns (0: payer_code) have mixed types. Specify dtype option on import or set low_memory=False.
  df = pd.read_csv(data_url)
[16:41:26] INFO      tierfed | diabetes/mlp | seed 43 | 20 clients | 60 rounds | device cpu
[16:41:26] INFO      tierfed | diabetes/mlp | seed 43 | 20 clients | 60 rounds | device cpu
[16:41:26] INFO      tierfed | diabetes/mlp | seed 43 | 20 clients | 60 rounds | device cpu
[16:43:20] INFO   -> AUROC final 0.7423 best 0.7423 PPD 0.0000 | AUPRC 0.3105 | upload 65.7 MB
[partition] lpt: 20 clients | sizes 648/790/38888 | prevalence 0.069-0.163 | label TV 0.0193
/home/user/yawarb/tierfed/.venv/lib/python3.12/site-packages/ucimlrepo/fetch.py:97: DtypeWarning: Columns (0: payer_code) have mixed types. Specify dtype option on import or set low_memory=False.
  df = pd.read_csv(data_url)
[16:43:32] INFO      tierfed | diabetes/mlp | seed 43 | 20 clients | 60 rounds | device cpu
[16:43:51] INFO   -> AUROC final 0.7370 best 0.7370 PPD 0.0000 | AUPRC 0.3176 | upload 65.7 MB
[partition] lpt: 20 clients | sizes 648/790/38888 | prevalence 0.068-0.163 | label TV 0.0192
[16:43:57] INFO   -> AUROC final 0.7058 best 0.7093 PPD 0.0035 | AUPRC 0.2552 | upload 65.7 MB
[partition] lpt: 20 clients | sizes 648/790/38888 | prevalence 0.068-0.163 | label TV 0.0193
[16:44:04] INFO   -> AUROC final 0.7470 best 0.7470 PPD 0.0000 | AUPRC 0.3145 | upload 65.7 MB
[partition] lpt: 20 clients | sizes 648/790/38888 | prevalence 0.068-0.163 | label TV 0.0195
/home/user/yawarb/tierfed/.venv/lib/python3.12/site-packages/ucimlrepo/fetch.py:97: DtypeWarning: Columns (0: payer_code) have mixed types. Specify dtype option on import or set low_memory=False.
  df = pd.read_csv(data_url)
[16:44:07] INFO      tierfed | diabetes/mlp | seed 43 | 20 clients | 60 rounds | device cpu
/home/user/yawarb/tierfed/.venv/lib/python3.12/site-packages/ucimlrepo/fetch.py:97: DtypeWarning: Columns (0: payer_code) have mixed types. Specify dtype option on import or set low_memory=False.
  df = pd.read_csv(data_url)
[16:44:12] INFO      tierfed | diabetes/mlp | seed 43 | 20 clients | 60 rounds | device cpu
/home/user/yawarb/tierfed/.venv/lib/python3.12/site-packages/ucimlrepo/fetch.py:97: DtypeWarning: Columns (0: payer_code) have mixed types. Specify dtype option on import or set low_memory=False.
  df = pd.read_csv(data_url)
[16:44:17] INFO      tierfed | diabetes/mlp | seed 43 | 20 clients | 60 rounds | device cpu
[16:45:59] INFO   -> AUROC final 0.7469 best 0.7469 PPD 0.0000 | AUPRC 0.3090 | upload 65.7 MB
[partition] lpt: 20 clients | sizes 648/790/38888 | prevalence 0.068-0.163 | label TV 0.0193
/home/user/yawarb/tierfed/.venv/lib/python3.12/site-packages/ucimlrepo/fetch.py:97: DtypeWarning: Columns (0: payer_code) have mixed types. Specify dtype option on import or set low_memory=False.
  df = pd.read_csv(data_url)
[16:46:12] INFO      tierfed | diabetes/mlp | seed 43 | 20 clients | 60 rounds | device cpu
Traceback (most recent call last):
  File "<frozen runpy>", line 198, in _run_module_as_main
  File "<frozen runpy>", line 88, in _run_code
  File "/home/user/yawarb/tierfed/src/experiments/run_one.py", line 54, in <module>
    main()
  File "/home/user/yawarb/tierfed/src/experiments/run_one.py", line 50, in main
    run_single(cfg)
  File "/home/user/yawarb/tierfed/src/experiments/runner.py", line 58, in run_single
    res = server.run()
          ^^^^^^^^^^^^
  File "/home/user/yawarb/tierfed/src/server.py", line 70, in run
    self.global_state = self.strategy.aggregate(self.global_state, states, weights, r)
                        ^^^^^^^^^^^^^^^^^^^^^^^^^^^^^^^^^^^^^^^^^^^^^^^^^^^^^^^^^^^^^^
  File "/home/user/yawarb/tierfed/src/strategies/adaptive.py", line 101, in aggregate
    return self.apply_dp(global_state, new, keys, len(client_states))
           ^^^^^^^^^^^^^^^^^^^^^^^^^^^^^^^^^^^^^^^^^^^^^^^^^^^^^^^^^^
  File "/home/user/yawarb/tierfed/src/strategies/base.py", line 80, in apply_dp
    delta, _, _ = clip_update(delta, self.dp.max_norm)
                  ^^^^^^^^^^^^^^^^^^^^^^^^^^^^^^^^^^^^
  File "/home/user/yawarb/tierfed/src/privacy/dp.py", line 20, in clip_update
    total = torch.sqrt(sum((v.detach().float() ** 2).sum() for v in update.values()))
            ^^^^^^^^^^^^^^^^^^^^^^^^^^^^^^^^^^^^^^^^^^^^^^^^^^^^^^^^^^^^^^^^^^^^^^^^^
TypeError: sqrt(): argument 'input' (position 1) must be Tensor, not int
[partition] lpt: 20 clients | sizes 648/790/38888 | prevalence 0.068-0.163 | label TV 0.0197
[16:46:31] INFO   -> AUROC final 0.7431 best 0.7454 PPD 0.0023 | AUPRC 0.3115 | upload 16.4 MB
[partition] lpt: 20 clients | sizes 648/790/38888 | prevalence 0.069-0.163 | label TV 0.0192
[16:46:36] INFO   -> AUROC final 0.6974 best 0.7016 PPD 0.0042 | AUPRC 0.2453 | upload 9.5 MB
[partition] lpt: 20 clients | sizes 648/790/38888 | prevalence 0.068-0.163 | label TV 0.0198
/home/user/yawarb/tierfed/.venv/lib/python3.12/site-packages/ucimlrepo/fetch.py:97: DtypeWarning: Columns (0: payer_code) have mixed types. Specify dtype option on import or set low_memory=False.
  df = pd.read_csv(data_url)
[16:46:42] INFO   -> AUROC final 0.6934 best 0.7189 PPD 0.0254 | AUPRC 0.2410 | upload 1.5 MB
[partition] lpt: 20 clients | sizes 648/790/38888 | prevalence 0.068-0.163 | label TV 0.0195
[16:46:42] INFO      tierfed | diabetes/mlp | seed 43 | 20 clients | 60 rounds | device cpu
/home/user/yawarb/tierfed/.venv/lib/python3.12/site-packages/ucimlrepo/fetch.py:97: DtypeWarning: Columns (0: payer_code) have mixed types. Specify dtype option on import or set low_memory=False.
  df = pd.read_csv(data_url)
[16:46:47] INFO      tierfed | diabetes/mlp | seed 43 | 20 clients | 60 rounds | device cpu
/home/user/yawarb/tierfed/.venv/lib/python3.12/site-packages/ucimlrepo/fetch.py:97: DtypeWarning: Columns (0: payer_code) have mixed types. Specify dtype option on import or set low_memory=False.
  df = pd.read_csv(data_url)
[16:46:55] INFO      tierfed | diabetes/mlp | seed 44 | 20 clients | 60 rounds | device cpu
/home/user/yawarb/tierfed/.venv/lib/python3.12/site-packages/ucimlrepo/fetch.py:97: DtypeWarning: Columns (0: payer_code) have mixed types. Specify dtype option on import or set low_memory=False.
  df = pd.read_csv(data_url)
[16:46:57] INFO      tierfed | diabetes/mlp | seed 44 | 20 clients | 60 rounds | device cpu
Traceback (most recent call last):
  File "<frozen runpy>", line 198, in _run_module_as_main
  File "<frozen runpy>", line 88, in _run_code
  File "/home/user/yawarb/tierfed/src/experiments/run_one.py", line 54, in <module>
    main()
  File "/home/user/yawarb/tierfed/src/experiments/run_one.py", line 50, in main
    run_single(cfg)
  File "/home/user/yawarb/tierfed/src/experiments/runner.py", line 58, in run_single
    res = server.run()
          ^^^^^^^^^^^^
  File "/home/user/yawarb/tierfed/src/server.py", line 70, in run
    self.global_state = self.strategy.aggregate(self.global_state, states, weights, r)
                        ^^^^^^^^^^^^^^^^^^^^^^^^^^^^^^^^^^^^^^^^^^^^^^^^^^^^^^^^^^^^^^
  File "/home/user/yawarb/tierfed/src/strategies/adaptive.py", line 101, in aggregate
    return self.apply_dp(global_state, new, keys, len(client_states))
           ^^^^^^^^^^^^^^^^^^^^^^^^^^^^^^^^^^^^^^^^^^^^^^^^^^^^^^^^^^
  File "/home/user/yawarb/tierfed/src/strategies/base.py", line 80, in apply_dp
    delta, _, _ = clip_update(delta, self.dp.max_norm)
                  ^^^^^^^^^^^^^^^^^^^^^^^^^^^^^^^^^^^^
  File "/home/user/yawarb/tierfed/src/privacy/dp.py", line 20, in clip_update
    total = torch.sqrt(sum((v.detach().float() ** 2).sum() for v in update.values()))
            ^^^^^^^^^^^^^^^^^^^^^^^^^^^^^^^^^^^^^^^^^^^^^^^^^^^^^^^^^^^^^^^^^^^^^^^^^
TypeError: sqrt(): argument 'input' (position 1) must be Tensor, not int
[partition] lpt: 20 clients | sizes 648/790/38888 | prevalence 0.069-0.163 | label TV 0.0192
Traceback (most recent call last):
  File "<frozen runpy>", line 198, in _run_module_as_main
  File "<frozen runpy>", line 88, in _run_code
  File "/home/user/yawarb/tierfed/src/experiments/run_one.py", line 54, in <module>
    main()
  File "/home/user/yawarb/tierfed/src/experiments/run_one.py", line 50, in main
    run_single(cfg)
  File "/home/user/yawarb/tierfed/src/experiments/runner.py", line 58, in run_single
    res = server.run()
          ^^^^^^^^^^^^
  File "/home/user/yawarb/tierfed/src/server.py", line 70, in run
    self.global_state = self.strategy.aggregate(self.global_state, states, weights, r)
                        ^^^^^^^^^^^^^^^^^^^^^^^^^^^^^^^^^^^^^^^^^^^^^^^^^^^^^^^^^^^^^^
  File "/home/user/yawarb/tierfed/src/strategies/adaptive.py", line 101, in aggregate
    return self.apply_dp(global_state, new, keys, len(client_states))
           ^^^^^^^^^^^^^^^^^^^^^^^^^^^^^^^^^^^^^^^^^^^^^^^^^^^^^^^^^^
  File "/home/user/yawarb/tierfed/src/strategies/base.py", line 80, in apply_dp
    delta, _, _ = clip_update(delta, self.dp.max_norm)
                  ^^^^^^^^^^^^^^^^^^^^^^^^^^^^^^^^^^^^
  File "/home/user/yawarb/tierfed/src/privacy/dp.py", line 20, in clip_update
    total = torch.sqrt(sum((v.detach().float() ** 2).sum() for v in update.values()))
            ^^^^^^^^^^^^^^^^^^^^^^^^^^^^^^^^^^^^^^^^^^^^^^^^^^^^^^^^^^^^^^^^^^^^^^^^^
TypeError: sqrt(): argument 'input' (position 1) must be Tensor, not int
[partition] lpt: 20 clients | sizes 648/790/38888 | prevalence 0.069-0.163 | label TV 0.0195
/home/user/yawarb/tierfed/.venv/lib/python3.12/site-packages/ucimlrepo/fetch.py:97: DtypeWarning: Columns (0: payer_code) have mixed types. Specify dtype option on import or set low_memory=False.
  df = pd.read_csv(data_url)
[16:47:12] INFO      tierfed | diabetes/mlp | seed 44 | 20 clients | 60 rounds | device cpu
/home/user/yawarb/tierfed/.venv/lib/python3.12/site-packages/ucimlrepo/fetch.py:97: DtypeWarning: Columns (0: payer_code) have mixed types. Specify dtype option on import or set low_memory=False.
  df = pd.read_csv(data_url)
[16:47:17] INFO      tierfed | diabetes/mlp | seed 44 | 20 clients | 60 rounds | device cpu
[16:49:20] INFO   -> AUROC final 0.7409 best 0.7409 PPD 0.0000 | AUPRC 0.3260 | upload 65.7 MB
[partition] lpt: 20 clients | sizes 643/781/38955 | prevalence 0.072-0.163 | label TV 0.0166
/home/user/yawarb/tierfed/.venv/lib/python3.12/site-packages/ucimlrepo/fetch.py:97: DtypeWarning: Columns (0: payer_code) have mixed types. Specify dtype option on import or set low_memory=False.
  df = pd.read_csv(data_url)
[16:49:32] INFO      tierfed | diabetes/mlp | seed 44 | 20 clients | 60 rounds | device cpu
[16:49:33] INFO   -> AUROC final 0.7375 best 0.7375 PPD 0.0000 | AUPRC 0.3243 | upload 65.7 MB
[partition] lpt: 20 clients | sizes 643/781/38955 | prevalence 0.072-0.163 | label TV 0.0169
[16:49:45] INFO   -> AUROC final 0.7008 best 0.7008 PPD 0.0000 | AUPRC 0.2698 | upload 65.7 MB
[partition] lpt: 20 clients | sizes 643/781/38955 | prevalence 0.072-0.163 | label TV 0.0166
/home/user/yawarb/tierfed/.venv/lib/python3.12/site-packages/ucimlrepo/fetch.py:97: DtypeWarning: Columns (0: payer_code) have mixed types. Specify dtype option on import or set low_memory=False.
  df = pd.read_csv(data_url)
[16:49:48] INFO      tierfed | diabetes/mlp | seed 44 | 20 clients | 60 rounds | device cpu
Traceback (most recent call last):
  File "/home/user/yawarb/tierfed/.venv/lib/python3.12/site-packages/ucimlrepo/fetch.py", line 68, in fetch_ucirepo
    response = urllib.request.urlopen(api_url, context=ssl.create_default_context(cafile=certifi.where()))
               ^^^^^^^^^^^^^^^^^^^^^^^^^^^^^^^^^^^^^^^^^^^^^^^^^^^^^^^^^^^^^^^^^^^^^^^^^^^^^^^^^^^^^^^^^^^
  File "/home/user/yawarb/jupyter-dpxfedshield/lib/python3.12/urllib/request.py", line 215, in urlopen
    return opener.open(url, data, timeout)
           ^^^^^^^^^^^^^^^^^^^^^^^^^^^^^^^
  File "/home/user/yawarb/jupyter-dpxfedshield/lib/python3.12/urllib/request.py", line 521, in open
    response = meth(req, response)
               ^^^^^^^^^^^^^^^^^^^
  File "/home/user/yawarb/jupyter-dpxfedshield/lib/python3.12/urllib/request.py", line 630, in http_response
    response = self.parent.error(
               ^^^^^^^^^^^^^^^^^^
  File "/home/user/yawarb/jupyter-dpxfedshield/lib/python3.12/urllib/request.py", line 559, in error
    return self._call_chain(*args)
           ^^^^^^^^^^^^^^^^^^^^^^^
  File "/home/user/yawarb/jupyter-dpxfedshield/lib/python3.12/urllib/request.py", line 492, in _call_chain
    result = func(*args)
             ^^^^^^^^^^^
  File "/home/user/yawarb/jupyter-dpxfedshield/lib/python3.12/urllib/request.py", line 639, in http_error_default
    raise HTTPError(req.full_url, code, msg, hdrs, fp)
urllib.error.HTTPError: HTTP Error 502: Bad Gateway

During handling of the above exception, another exception occurred:

Traceback (most recent call last):
  File "<frozen runpy>", line 198, in _run_module_as_main
  File "<frozen runpy>", line 88, in _run_code
  File "/home/user/yawarb/tierfed/src/experiments/run_one.py", line 54, in <module>
    main()
  File "/home/user/yawarb/tierfed/src/experiments/run_one.py", line 50, in main
    run_single(cfg)
  File "/home/user/yawarb/tierfed/src/experiments/runner.py", line 36, in run_single
    ds = load_dataset(cfg["dataset"], n_clients=cfg["n_clients"], seed=cfg["seed"],
         ^^^^^^^^^^^^^^^^^^^^^^^^^^^^^^^^^^^^^^^^^^^^^^^^^^^^^^^^^^^^^^^^^^^^^^^^^^
  File "/home/user/yawarb/tierfed/src/data/base.py", line 103, in load_dataset
    return REGISTRY[name](**kwargs)
           ^^^^^^^^^^^^^^^^^^^^^^^^
  File "/home/user/yawarb/tierfed/src/data/loaders.py", line 114, in load_diabetes
    rep = fetch_ucirepo(id=296)
          ^^^^^^^^^^^^^^^^^^^^^
  File "/home/user/yawarb/tierfed/.venv/lib/python3.12/site-packages/ucimlrepo/fetch.py", line 71, in fetch_ucirepo
    raise ConnectionError('Error connecting to server')
ConnectionError: Error connecting to server
[16:49:56] INFO   -> AUROC final 0.7339 best 0.7339 PPD 0.0000 | AUPRC 0.3321 | upload 65.7 MB
[partition] lpt: 20 clients | sizes 643/781/38955 | prevalence 0.072-0.163 | label TV 0.0168
/home/user/yawarb/tierfed/.venv/lib/python3.12/site-packages/ucimlrepo/fetch.py:97: DtypeWarning: Columns (0: payer_code) have mixed types. Specify dtype option on import or set low_memory=False.
  df = pd.read_csv(data_url)
/home/user/yawarb/tierfed/.venv/lib/python3.12/site-packages/ucimlrepo/fetch.py:97: DtypeWarning: Columns (0: payer_code) have mixed types. Specify dtype option on import or set low_memory=False.
  df = pd.read_csv(data_url)
[16:50:07] INFO      tierfed | diabetes/mlp | seed 44 | 20 clients | 60 rounds | device cpu
[16:50:07] INFO      tierfed | diabetes/mlp | seed 44 | 20 clients | 60 rounds | device cpu
Traceback (most recent call last):
  File "<frozen runpy>", line 198, in _run_module_as_main
  File "<frozen runpy>", line 88, in _run_code
  File "/home/user/yawarb/tierfed/src/experiments/run_one.py", line 54, in <module>
    main()
  File "/home/user/yawarb/tierfed/src/experiments/run_one.py", line 50, in main
    run_single(cfg)
  File "/home/user/yawarb/tierfed/src/experiments/runner.py", line 58, in run_single
    res = server.run()
          ^^^^^^^^^^^^
  File "/home/user/yawarb/tierfed/src/server.py", line 70, in run
    self.global_state = self.strategy.aggregate(self.global_state, states, weights, r)
                        ^^^^^^^^^^^^^^^^^^^^^^^^^^^^^^^^^^^^^^^^^^^^^^^^^^^^^^^^^^^^^^
  File "/home/user/yawarb/tierfed/src/strategies/adaptive.py", line 101, in aggregate
    return self.apply_dp(global_state, new, keys, len(client_states))
           ^^^^^^^^^^^^^^^^^^^^^^^^^^^^^^^^^^^^^^^^^^^^^^^^^^^^^^^^^^
  File "/home/user/yawarb/tierfed/src/strategies/base.py", line 80, in apply_dp
    delta, _, _ = clip_update(delta, self.dp.max_norm)
                  ^^^^^^^^^^^^^^^^^^^^^^^^^^^^^^^^^^^^
  File "/home/user/yawarb/tierfed/src/privacy/dp.py", line 20, in clip_update
    total = torch.sqrt(sum((v.detach().float() ** 2).sum() for v in update.values()))
            ^^^^^^^^^^^^^^^^^^^^^^^^^^^^^^^^^^^^^^^^^^^^^^^^^^^^^^^^^^^^^^^^^^^^^^^^^
TypeError: sqrt(): argument 'input' (position 1) must be Tensor, not int
[partition] lpt: 20 clients | sizes 643/781/38955 | prevalence 0.072-0.163 | label TV 0.0171
/home/user/yawarb/tierfed/.venv/lib/python3.12/site-packages/ucimlrepo/fetch.py:97: DtypeWarning: Columns (0: payer_code) have mixed types. Specify dtype option on import or set low_memory=False.
  df = pd.read_csv(data_url)
[16:50:38] INFO      tierfed | diabetes/mlp | seed 44 | 20 clients | 60 rounds | device cpu
Traceback (most recent call last):
  File "<frozen runpy>", line 198, in _run_module_as_main
  File "<frozen runpy>", line 88, in _run_code
  File "/home/user/yawarb/tierfed/src/experiments/run_one.py", line 54, in <module>
    main()
  File "/home/user/yawarb/tierfed/src/experiments/run_one.py", line 50, in main
    run_single(cfg)
  File "/home/user/yawarb/tierfed/src/experiments/runner.py", line 58, in run_single
    res = server.run()
          ^^^^^^^^^^^^
  File "/home/user/yawarb/tierfed/src/server.py", line 70, in run
    self.global_state = self.strategy.aggregate(self.global_state, states, weights, r)
                        ^^^^^^^^^^^^^^^^^^^^^^^^^^^^^^^^^^^^^^^^^^^^^^^^^^^^^^^^^^^^^^
  File "/home/user/yawarb/tierfed/src/strategies/adaptive.py", line 101, in aggregate
    return self.apply_dp(global_state, new, keys, len(client_states))
           ^^^^^^^^^^^^^^^^^^^^^^^^^^^^^^^^^^^^^^^^^^^^^^^^^^^^^^^^^^
  File "/home/user/yawarb/tierfed/src/strategies/base.py", line 80, in apply_dp
    delta, _, _ = clip_update(delta, self.dp.max_norm)
                  ^^^^^^^^^^^^^^^^^^^^^^^^^^^^^^^^^^^^
  File "/home/user/yawarb/tierfed/src/privacy/dp.py", line 20, in clip_update
    total = torch.sqrt(sum((v.detach().float() ** 2).sum() for v in update.values()))
            ^^^^^^^^^^^^^^^^^^^^^^^^^^^^^^^^^^^^^^^^^^^^^^^^^^^^^^^^^^^^^^^^^^^^^^^^^
TypeError: sqrt(): argument 'input' (position 1) must be Tensor, not int
[partition] lpt: 20 clients | sizes 643/781/38955 | prevalence 0.072-0.163 | label TV 0.0168
/home/user/yawarb/tierfed/.venv/lib/python3.12/site-packages/ucimlrepo/fetch.py:97: DtypeWarning: Columns (0: payer_code) have mixed types. Specify dtype option on import or set low_memory=False.
  df = pd.read_csv(data_url)
[16:51:07] INFO      tierfed | diabetes/mlp | seed 44 | 20 clients | 60 rounds | device cpu
Traceback (most recent call last):
  File "<frozen runpy>", line 198, in _run_module_as_main
  File "<frozen runpy>", line 88, in _run_code
  File "/home/user/yawarb/tierfed/src/experiments/run_one.py", line 54, in <module>
    main()
  File "/home/user/yawarb/tierfed/src/experiments/run_one.py", line 50, in main
    run_single(cfg)
  File "/home/user/yawarb/tierfed/src/experiments/runner.py", line 58, in run_single
    res = server.run()
          ^^^^^^^^^^^^
  File "/home/user/yawarb/tierfed/src/server.py", line 70, in run
    self.global_state = self.strategy.aggregate(self.global_state, states, weights, r)
                        ^^^^^^^^^^^^^^^^^^^^^^^^^^^^^^^^^^^^^^^^^^^^^^^^^^^^^^^^^^^^^^
  File "/home/user/yawarb/tierfed/src/strategies/adaptive.py", line 101, in aggregate
    return self.apply_dp(global_state, new, keys, len(client_states))
           ^^^^^^^^^^^^^^^^^^^^^^^^^^^^^^^^^^^^^^^^^^^^^^^^^^^^^^^^^^
  File "/home/user/yawarb/tierfed/src/strategies/base.py", line 80, in apply_dp
    delta, _, _ = clip_update(delta, self.dp.max_norm)
                  ^^^^^^^^^^^^^^^^^^^^^^^^^^^^^^^^^^^^
  File "/home/user/yawarb/tierfed/src/privacy/dp.py", line 20, in clip_update
    total = torch.sqrt(sum((v.detach().float() ** 2).sum() for v in update.values()))
            ^^^^^^^^^^^^^^^^^^^^^^^^^^^^^^^^^^^^^^^^^^^^^^^^^^^^^^^^^^^^^^^^^^^^^^^^^
TypeError: sqrt(): argument 'input' (position 1) must be Tensor, not int
[partition] lpt: 20 clients | sizes 643/781/38955 | prevalence 0.072-0.163 | label TV 0.0168
/home/user/yawarb/tierfed/.venv/lib/python3.12/site-packages/ucimlrepo/fetch.py:97: DtypeWarning: Columns (0: payer_code) have mixed types. Specify dtype option on import or set low_memory=False.
  df = pd.read_csv(data_url)
[16:51:37] INFO      tierfed | diabetes/mlp | seed 45 | 20 clients | 60 rounds | device cpu
[16:52:00] INFO   -> AUROC final 0.7424 best 0.7424 PPD 0.0000 | AUPRC 0.3201 | upload 65.7 MB
[partition] lpt: 20 clients | sizes 643/781/38955 | prevalence 0.072-0.163 | label TV 0.0166
/home/user/yawarb/tierfed/.venv/lib/python3.12/site-packages/ucimlrepo/fetch.py:97: DtypeWarning: Columns (0: payer_code) have mixed types. Specify dtype option on import or set low_memory=False.
  df = pd.read_csv(data_url)
[16:52:13] INFO      tierfed | diabetes/mlp | seed 45 | 20 clients | 60 rounds | device cpu
[16:52:15] INFO   -> AUROC final 0.7465 best 0.7465 PPD 0.0000 | AUPRC 0.3257 | upload 16.4 MB
[partition] lpt: 20 clients | sizes 643/781/38955 | prevalence 0.072-0.163 | label TV 0.0166
/home/user/yawarb/tierfed/.venv/lib/python3.12/site-packages/ucimlrepo/fetch.py:97: DtypeWarning: Columns (0: payer_code) have mixed types. Specify dtype option on import or set low_memory=False.
  df = pd.read_csv(data_url)
[16:52:28] INFO      tierfed | diabetes/mlp | seed 45 | 20 clients | 60 rounds | device cpu
[16:52:34] INFO   -> AUROC final 0.7122 best 0.7122 PPD 0.0000 | AUPRC 0.2876 | upload 1.5 MB
[partition] lpt: 20 clients | sizes 643/781/38955 | prevalence 0.072-0.163 | label TV 0.0166
/home/user/yawarb/tierfed/.venv/lib/python3.12/site-packages/ucimlrepo/fetch.py:97: DtypeWarning: Columns (0: payer_code) have mixed types. Specify dtype option on import or set low_memory=False.
  df = pd.read_csv(data_url)
[16:52:48] INFO      tierfed | diabetes/mlp | seed 45 | 20 clients | 60 rounds | device cpu
[16:54:01] INFO   -> AUROC final 0.7359 best 0.7359 PPD 0.0000 | AUPRC 0.3157 | upload 65.7 MB
[partition] lpt: 20 clients | sizes 650/797/38870 | prevalence 0.060-0.163 | label TV 0.0195
/home/user/yawarb/tierfed/.venv/lib/python3.12/site-packages/ucimlrepo/fetch.py:97: DtypeWarning: Columns (0: payer_code) have mixed types. Specify dtype option on import or set low_memory=False.
  df = pd.read_csv(data_url)
[16:54:18] INFO      tierfed | diabetes/mlp | seed 45 | 20 clients | 60 rounds | device cpu
[16:54:50] INFO   -> AUROC final 0.7357 best 0.7357 PPD 0.0000 | AUPRC 0.3143 | upload 65.7 MB
[partition] lpt: 20 clients | sizes 650/797/38870 | prevalence 0.052-0.163 | label TV 0.0200
[16:55:01] INFO   -> AUROC final 0.6940 best 0.6940 PPD 0.0000 | AUPRC 0.2644 | upload 65.7 MB
[partition] lpt: 20 clients | sizes 650/797/38870 | prevalence 0.060-0.163 | label TV 0.0198
/home/user/yawarb/tierfed/.venv/lib/python3.12/site-packages/ucimlrepo/fetch.py:97: DtypeWarning: Columns (0: payer_code) have mixed types. Specify dtype option on import or set low_memory=False.
  df = pd.read_csv(data_url)
[16:55:03] INFO      tierfed | diabetes/mlp | seed 45 | 20 clients | 60 rounds | device cpu
/home/user/yawarb/tierfed/.venv/lib/python3.12/site-packages/ucimlrepo/fetch.py:97: DtypeWarning: Columns (0: payer_code) have mixed types. Specify dtype option on import or set low_memory=False.
  df = pd.read_csv(data_url)
[16:55:13] INFO      tierfed | diabetes/mlp | seed 45 | 20 clients | 60 rounds | device cpu
[16:55:16] INFO   -> AUROC final 0.7237 best 0.7237 PPD 0.0000 | AUPRC 0.3173 | upload 65.7 MB
[partition] lpt: 20 clients | sizes 650/797/38870 | prevalence 0.052-0.163 | label TV 0.0196
/home/user/yawarb/tierfed/.venv/lib/python3.12/site-packages/ucimlrepo/fetch.py:97: DtypeWarning: Columns (0: payer_code) have mixed types. Specify dtype option on import or set low_memory=False.
  df = pd.read_csv(data_url)
[16:55:28] INFO      tierfed | diabetes/mlp | seed 45 | 20 clients | 60 rounds | device cpu
[16:56:43] INFO   -> AUROC final 0.7283 best 0.7283 PPD 0.0000 | AUPRC 0.3077 | upload 65.7 MB
[partition] lpt: 20 clients | sizes 650/797/38870 | prevalence 0.052-0.163 | label TV 0.0195
/home/user/yawarb/tierfed/.venv/lib/python3.12/site-packages/ucimlrepo/fetch.py:97: DtypeWarning: Columns (0: payer_code) have mixed types. Specify dtype option on import or set low_memory=False.
  df = pd.read_csv(data_url)
[16:56:58] INFO      tierfed | diabetes/mlp | seed 45 | 20 clients | 60 rounds | device cpu
Traceback (most recent call last):
  File "<frozen runpy>", line 198, in _run_module_as_main
  File "<frozen runpy>", line 88, in _run_code
  File "/home/user/yawarb/tierfed/src/experiments/run_one.py", line 54, in <module>
    main()
  File "/home/user/yawarb/tierfed/src/experiments/run_one.py", line 50, in main
    run_single(cfg)
  File "/home/user/yawarb/tierfed/src/experiments/runner.py", line 58, in run_single
    res = server.run()
          ^^^^^^^^^^^^
  File "/home/user/yawarb/tierfed/src/server.py", line 70, in run
    self.global_state = self.strategy.aggregate(self.global_state, states, weights, r)
                        ^^^^^^^^^^^^^^^^^^^^^^^^^^^^^^^^^^^^^^^^^^^^^^^^^^^^^^^^^^^^^^
  File "/home/user/yawarb/tierfed/src/strategies/adaptive.py", line 101, in aggregate
    return self.apply_dp(global_state, new, keys, len(client_states))
           ^^^^^^^^^^^^^^^^^^^^^^^^^^^^^^^^^^^^^^^^^^^^^^^^^^^^^^^^^^
  File "/home/user/yawarb/tierfed/src/strategies/base.py", line 80, in apply_dp
    delta, _, _ = clip_update(delta, self.dp.max_norm)
                  ^^^^^^^^^^^^^^^^^^^^^^^^^^^^^^^^^^^^
  File "/home/user/yawarb/tierfed/src/privacy/dp.py", line 20, in clip_update
    total = torch.sqrt(sum((v.detach().float() ** 2).sum() for v in update.values()))
            ^^^^^^^^^^^^^^^^^^^^^^^^^^^^^^^^^^^^^^^^^^^^^^^^^^^^^^^^^^^^^^^^^^^^^^^^^
TypeError: sqrt(): argument 'input' (position 1) must be Tensor, not int
[partition] lpt: 20 clients | sizes 650/797/38870 | prevalence 0.052-0.163 | label TV 0.0198
/home/user/yawarb/tierfed/.venv/lib/python3.12/site-packages/ucimlrepo/fetch.py:97: DtypeWarning: Columns (0: payer_code) have mixed types. Specify dtype option on import or set low_memory=False.
  df = pd.read_csv(data_url)
[16:57:28] INFO      tierfed | diabetes/mlp | seed 45 | 20 clients | 60 rounds | device cpu
[16:57:32] INFO   -> AUROC final 0.7329 best 0.7329 PPD 0.0000 | AUPRC 0.3088 | upload 16.4 MB
[partition] lpt: 20 clients | sizes 650/797/38870 | prevalence 0.052-0.163 | label TV 0.0195
[16:57:39] INFO   -> AUROC final 0.6838 best 0.6838 PPD 0.0000 | AUPRC 0.2529 | upload 9.5 MB
[partition] lpt: 20 clients | sizes 650/797/38870 | prevalence 0.052-0.163 | label TV 0.0196
Traceback (most recent call last):
  File "<frozen runpy>", line 198, in _run_module_as_main
  File "<frozen runpy>", line 88, in _run_code
  File "/home/user/yawarb/tierfed/src/experiments/run_one.py", line 54, in <module>
    main()
  File "/home/user/yawarb/tierfed/src/experiments/run_one.py", line 50, in main
    run_single(cfg)
  File "/home/user/yawarb/tierfed/src/experiments/runner.py", line 58, in run_single
    res = server.run()
          ^^^^^^^^^^^^
  File "/home/user/yawarb/tierfed/src/server.py", line 70, in run
    self.global_state = self.strategy.aggregate(self.global_state, states, weights, r)
                        ^^^^^^^^^^^^^^^^^^^^^^^^^^^^^^^^^^^^^^^^^^^^^^^^^^^^^^^^^^^^^^
  File "/home/user/yawarb/tierfed/src/strategies/adaptive.py", line 101, in aggregate
    return self.apply_dp(global_state, new, keys, len(client_states))
           ^^^^^^^^^^^^^^^^^^^^^^^^^^^^^^^^^^^^^^^^^^^^^^^^^^^^^^^^^^
  File "/home/user/yawarb/tierfed/src/strategies/base.py", line 80, in apply_dp
    delta, _, _ = clip_update(delta, self.dp.max_norm)
                  ^^^^^^^^^^^^^^^^^^^^^^^^^^^^^^^^^^^^
  File "/home/user/yawarb/tierfed/src/privacy/dp.py", line 20, in clip_update
    total = torch.sqrt(sum((v.detach().float() ** 2).sum() for v in update.values()))
            ^^^^^^^^^^^^^^^^^^^^^^^^^^^^^^^^^^^^^^^^^^^^^^^^^^^^^^^^^^^^^^^^^^^^^^^^^
TypeError: sqrt(): argument 'input' (position 1) must be Tensor, not int
[partition] lpt: 20 clients | sizes 650/797/38870 | prevalence 0.052-0.163 | label TV 0.0195
/home/user/yawarb/tierfed/.venv/lib/python3.12/site-packages/ucimlrepo/fetch.py:97: DtypeWarning: Columns (0: payer_code) have mixed types. Specify dtype option on import or set low_memory=False.
  df = pd.read_csv(data_url)
[16:57:48] INFO      tierfed | diabetes/mlp | seed 45 | 20 clients | 60 rounds | device cpu
/home/user/yawarb/tierfed/.venv/lib/python3.12/site-packages/ucimlrepo/fetch.py:97: DtypeWarning: Columns (0: payer_code) have mixed types. Specify dtype option on import or set low_memory=False.
  df = pd.read_csv(data_url)
[16:57:53] INFO      tierfed | diabetes/mlp | seed 46 | 20 clients | 60 rounds | device cpu
[16:57:55] INFO   -> AUROC final 0.6998 best 0.7071 PPD 0.0073 | AUPRC 0.2675 | upload 1.4 MB
[partition] lpt: 20 clients | sizes 650/797/38870 | prevalence 0.052-0.163 | label TV 0.0195
/home/user/yawarb/tierfed/.venv/lib/python3.12/site-packages/ucimlrepo/fetch.py:97: DtypeWarning: Columns (0: payer_code) have mixed types. Specify dtype option on import or set low_memory=False.
  df = pd.read_csv(data_url)
[16:57:58] INFO      tierfed | diabetes/mlp | seed 46 | 20 clients | 60 rounds | device cpu
Traceback (most recent call last):
  File "<frozen runpy>", line 198, in _run_module_as_main
  File "<frozen runpy>", line 88, in _run_code
  File "/home/user/yawarb/tierfed/src/experiments/run_one.py", line 54, in <module>
    main()
  File "/home/user/yawarb/tierfed/src/experiments/run_one.py", line 50, in main
    run_single(cfg)
  File "/home/user/yawarb/tierfed/src/experiments/runner.py", line 58, in run_single
    res = server.run()
          ^^^^^^^^^^^^
  File "/home/user/yawarb/tierfed/src/server.py", line 70, in run
    self.global_state = self.strategy.aggregate(self.global_state, states, weights, r)
                        ^^^^^^^^^^^^^^^^^^^^^^^^^^^^^^^^^^^^^^^^^^^^^^^^^^^^^^^^^^^^^^
  File "/home/user/yawarb/tierfed/src/strategies/adaptive.py", line 101, in aggregate
    return self.apply_dp(global_state, new, keys, len(client_states))
           ^^^^^^^^^^^^^^^^^^^^^^^^^^^^^^^^^^^^^^^^^^^^^^^^^^^^^^^^^^
  File "/home/user/yawarb/tierfed/src/strategies/base.py", line 80, in apply_dp
    delta, _, _ = clip_update(delta, self.dp.max_norm)
                  ^^^^^^^^^^^^^^^^^^^^^^^^^^^^^^^^^^^^
  File "/home/user/yawarb/tierfed/src/privacy/dp.py", line 20, in clip_update
    total = torch.sqrt(sum((v.detach().float() ** 2).sum() for v in update.values()))
            ^^^^^^^^^^^^^^^^^^^^^^^^^^^^^^^^^^^^^^^^^^^^^^^^^^^^^^^^^^^^^^^^^^^^^^^^^
TypeError: sqrt(): argument 'input' (position 1) must be Tensor, not int
[partition] lpt: 20 clients | sizes 650/797/38870 | prevalence 0.052-0.163 | label TV 0.0198
/home/user/yawarb/tierfed/.venv/lib/python3.12/site-packages/ucimlrepo/fetch.py:97: DtypeWarning: Columns (0: payer_code) have mixed types. Specify dtype option on import or set low_memory=False.
  df = pd.read_csv(data_url)
[16:58:08] INFO      tierfed | diabetes/mlp | seed 46 | 20 clients | 60 rounds | device cpu
/home/user/yawarb/tierfed/.venv/lib/python3.12/site-packages/ucimlrepo/fetch.py:97: DtypeWarning: Columns (0: payer_code) have mixed types. Specify dtype option on import or set low_memory=False.
  df = pd.read_csv(data_url)
[16:58:18] INFO      tierfed | diabetes/mlp | seed 46 | 20 clients | 60 rounds | device cpu
[17:00:18] INFO   -> AUROC final 0.7454 best 0.7454 PPD 0.0000 | AUPRC 0.3245 | upload 65.7 MB
[partition] lpt: 20 clients | sizes 645/794/38898 | prevalence 0.056-0.164 | label TV 0.0182
/home/user/yawarb/tierfed/.venv/lib/python3.12/site-packages/ucimlrepo/fetch.py:97: DtypeWarning: Columns (0: payer_code) have mixed types. Specify dtype option on import or set low_memory=False.
  df = pd.read_csv(data_url)
[17:00:33] INFO   -> AUROC final 0.7482 best 0.7482 PPD 0.0000 | AUPRC 0.3268 | upload 65.7 MB
[partition] lpt: 20 clients | sizes 645/794/38898 | prevalence 0.056-0.164 | label TV 0.0163
[17:00:33] INFO      tierfed | diabetes/mlp | seed 46 | 20 clients | 60 rounds | device cpu
[17:00:41] INFO   -> AUROC final 0.7038 best 0.7076 PPD 0.0038 | AUPRC 0.2665 | upload 65.7 MB
[partition] lpt: 20 clients | sizes 645/794/38898 | prevalence 0.056-0.164 | label TV 0.0182
[17:00:45] INFO   -> AUROC final 0.7287 best 0.7287 PPD 0.0000 | AUPRC 0.3248 | upload 65.7 MB
[partition] lpt: 20 clients | sizes 645/794/38898 | prevalence 0.054-0.164 | label TV 0.0167
/home/user/yawarb/tierfed/.venv/lib/python3.12/site-packages/ucimlrepo/fetch.py:97: DtypeWarning: Columns (0: payer_code) have mixed types. Specify dtype option on import or set low_memory=False.
  df = pd.read_csv(data_url)
[17:00:48] INFO      tierfed | diabetes/mlp | seed 46 | 20 clients | 60 rounds | device cpu
/home/user/yawarb/tierfed/.venv/lib/python3.12/site-packages/ucimlrepo/fetch.py:97: DtypeWarning: Columns (0: payer_code) have mixed types. Specify dtype option on import or set low_memory=False.
  df = pd.read_csv(data_url)
[17:00:56] INFO      tierfed | diabetes/mlp | seed 46 | 20 clients | 60 rounds | device cpu
/home/user/yawarb/tierfed/.venv/lib/python3.12/site-packages/ucimlrepo/fetch.py:97: DtypeWarning: Columns (0: payer_code) have mixed types. Specify dtype option on import or set low_memory=False.
  df = pd.read_csv(data_url)
[17:00:58] INFO      tierfed | diabetes/mlp | seed 46 | 20 clients | 60 rounds | device cpu
[17:02:57] INFO   -> AUROC final 0.7409 best 0.7409 PPD 0.0000 | AUPRC 0.3177 | upload 65.7 MB
[partition] lpt: 20 clients | sizes 645/794/38898 | prevalence 0.057-0.164 | label TV 0.0163
/home/user/yawarb/tierfed/.venv/lib/python3.12/site-packages/ucimlrepo/fetch.py:97: DtypeWarning: Columns (0: payer_code) have mixed types. Specify dtype option on import or set low_memory=False.
  df = pd.read_csv(data_url)
[17:03:14] INFO      tierfed | diabetes/mlp | seed 46 | 20 clients | 60 rounds | device cpu
[17:03:15] INFO   -> AUROC final 0.7457 best 0.7457 PPD 0.0000 | AUPRC 0.3241 | upload 16.4 MB
[partition] lpt: 20 clients | sizes 645/794/38898 | prevalence 0.054-0.164 | label TV 0.0182
[17:03:23] INFO   -> AUROC final 0.6895 best 0.6903 PPD 0.0008 | AUPRC 0.2548 | upload 9.5 MB
[partition] lpt: 20 clients | sizes 645/794/38898 | prevalence 0.056-0.164 | label TV 0.0163
[17:03:25] INFO   -> AUROC final 0.7100 best 0.7135 PPD 0.0034 | AUPRC 0.2795 | upload 1.5 MB
[partition] lpt: 20 clients | sizes 645/794/38898 | prevalence 0.056-0.164 | label TV 0.0181
/home/user/yawarb/tierfed/.venv/lib/python3.12/site-packages/ucimlrepo/fetch.py:97: DtypeWarning: Columns (0: payer_code) have mixed types. Specify dtype option on import or set low_memory=False.
  df = pd.read_csv(data_url)
[17:03:29] INFO      tierfed | diabetes/mlp | seed 46 | 20 clients | 60 rounds | device cpu
Traceback (most recent call last):
  File "<frozen runpy>", line 198, in _run_module_as_main
  File "<frozen runpy>", line 88, in _run_code
  File "/home/user/yawarb/tierfed/src/experiments/run_one.py", line 54, in <module>
    main()
  File "/home/user/yawarb/tierfed/src/experiments/run_one.py", line 50, in main
    run_single(cfg)
  File "/home/user/yawarb/tierfed/src/experiments/runner.py", line 58, in run_single
    res = server.run()
          ^^^^^^^^^^^^
  File "/home/user/yawarb/tierfed/src/server.py", line 70, in run
    self.global_state = self.strategy.aggregate(self.global_state, states, weights, r)
                        ^^^^^^^^^^^^^^^^^^^^^^^^^^^^^^^^^^^^^^^^^^^^^^^^^^^^^^^^^^^^^^
  File "/home/user/yawarb/tierfed/src/strategies/adaptive.py", line 101, in aggregate
    return self.apply_dp(global_state, new, keys, len(client_states))
           ^^^^^^^^^^^^^^^^^^^^^^^^^^^^^^^^^^^^^^^^^^^^^^^^^^^^^^^^^^
  File "/home/user/yawarb/tierfed/src/strategies/base.py", line 80, in apply_dp
    delta, _, _ = clip_update(delta, self.dp.max_norm)
                  ^^^^^^^^^^^^^^^^^^^^^^^^^^^^^^^^^^^^
  File "/home/user/yawarb/tierfed/src/privacy/dp.py", line 20, in clip_update
    total = torch.sqrt(sum((v.detach().float() ** 2).sum() for v in update.values()))
            ^^^^^^^^^^^^^^^^^^^^^^^^^^^^^^^^^^^^^^^^^^^^^^^^^^^^^^^^^^^^^^^^^^^^^^^^^
TypeError: sqrt(): argument 'input' (position 1) must be Tensor, not int
[partition] lpt: 20 clients | sizes 645/794/38898 | prevalence 0.057-0.164 | label TV 0.0181
/home/user/yawarb/tierfed/.venv/lib/python3.12/site-packages/ucimlrepo/fetch.py:97: DtypeWarning: Columns (0: payer_code) have mixed types. Specify dtype option on import or set low_memory=False.
  df = pd.read_csv(data_url)
[17:03:38] INFO      tierfed | diabetes/mlp | seed 46 | 20 clients | 60 rounds | device cpu
Traceback (most recent call last):
  File "<frozen runpy>", line 198, in _run_module_as_main
  File "<frozen runpy>", line 88, in _run_code
  File "/home/user/yawarb/tierfed/src/experiments/run_one.py", line 54, in <module>
    main()
  File "/home/user/yawarb/tierfed/src/experiments/run_one.py", line 50, in main
    run_single(cfg)
  File "/home/user/yawarb/tierfed/src/experiments/runner.py", line 58, in run_single
    res = server.run()
          ^^^^^^^^^^^^
  File "/home/user/yawarb/tierfed/src/server.py", line 70, in run
    self.global_state = self.strategy.aggregate(self.global_state, states, weights, r)
                        ^^^^^^^^^^^^^^^^^^^^^^^^^^^^^^^^^^^^^^^^^^^^^^^^^^^^^^^^^^^^^^
  File "/home/user/yawarb/tierfed/src/strategies/adaptive.py", line 101, in aggregate
    return self.apply_dp(global_state, new, keys, len(client_states))
           ^^^^^^^^^^^^^^^^^^^^^^^^^^^^^^^^^^^^^^^^^^^^^^^^^^^^^^^^^^
  File "/home/user/yawarb/tierfed/src/strategies/base.py", line 80, in apply_dp
    delta, _, _ = clip_update(delta, self.dp.max_norm)
                  ^^^^^^^^^^^^^^^^^^^^^^^^^^^^^^^^^^^^
  File "/home/user/yawarb/tierfed/src/privacy/dp.py", line 20, in clip_update
    total = torch.sqrt(sum((v.detach().float() ** 2).sum() for v in update.values()))
            ^^^^^^^^^^^^^^^^^^^^^^^^^^^^^^^^^^^^^^^^^^^^^^^^^^^^^^^^^^^^^^^^^^^^^^^^^
TypeError: sqrt(): argument 'input' (position 1) must be Tensor, not int
[partition] lpt: 20 clients | sizes 645/794/38898 | prevalence 0.057-0.164 | label TV 0.0164
Traceback (most recent call last):
  File "<frozen runpy>", line 198, in _run_module_as_main
  File "<frozen runpy>", line 88, in _run_code
  File "/home/user/yawarb/tierfed/src/experiments/run_one.py", line 54, in <module>
    main()
  File "/home/user/yawarb/tierfed/src/experiments/run_one.py", line 50, in main
    run_single(cfg)
  File "/home/user/yawarb/tierfed/src/experiments/runner.py", line 58, in run_single
    res = server.run()
          ^^^^^^^^^^^^
  File "/home/user/yawarb/tierfed/src/server.py", line 70, in run
    self.global_state = self.strategy.aggregate(self.global_state, states, weights, r)
                        ^^^^^^^^^^^^^^^^^^^^^^^^^^^^^^^^^^^^^^^^^^^^^^^^^^^^^^^^^^^^^^
  File "/home/user/yawarb/tierfed/src/strategies/adaptive.py", line 101, in aggregate
    return self.apply_dp(global_state, new, keys, len(client_states))
           ^^^^^^^^^^^^^^^^^^^^^^^^^^^^^^^^^^^^^^^^^^^^^^^^^^^^^^^^^^
  File "/home/user/yawarb/tierfed/src/strategies/base.py", line 80, in apply_dp
    delta, _, _ = clip_update(delta, self.dp.max_norm)
                  ^^^^^^^^^^^^^^^^^^^^^^^^^^^^^^^^^^^^
  File "/home/user/yawarb/tierfed/src/privacy/dp.py", line 20, in clip_update
    total = torch.sqrt(sum((v.detach().float() ** 2).sum() for v in update.values()))
            ^^^^^^^^^^^^^^^^^^^^^^^^^^^^^^^^^^^^^^^^^^^^^^^^^^^^^^^^^^^^^^^^^^^^^^^^^
TypeError: sqrt(): argument 'input' (position 1) must be Tensor, not int
[partition] lpt: 20 clients | sizes 645/794/38898 | prevalence 0.056-0.164 | label TV 0.0182
DONE_TF_SWEEPS
