nohup: ignoring input
/home/user/yawarb/tierfed/.venv/lib/python3.12/site-packages/ucimlrepo/fetch.py:97: DtypeWarning: Columns (0: payer_code) have mixed types. Specify dtype option on import or set low_memory=False.
  df = pd.read_csv(data_url)
/home/user/yawarb/tierfed/.venv/lib/python3.12/site-packages/ucimlrepo/fetch.py:97: DtypeWarning: Columns (0: payer_code) have mixed types. Specify dtype option on import or set low_memory=False.
  df = pd.read_csv(data_url)
/home/user/yawarb/tierfed/.venv/lib/python3.12/site-packages/ucimlrepo/fetch.py:97: DtypeWarning: Columns (0: payer_code) have mixed types. Specify dtype option on import or set low_memory=False.
  df = pd.read_csv(data_url)
/home/user/yawarb/tierfed/.venv/lib/python3.12/site-packages/ucimlrepo/fetch.py:97: DtypeWarning: Columns (0: payer_code) have mixed types. Specify dtype option on import or set low_memory=False.
  df = pd.read_csv(data_url)
/home/user/yawarb/tierfed/.venv/lib/python3.12/site-packages/ucimlrepo/fetch.py:97: DtypeWarning: Columns (0: payer_code) have mixed types. Specify dtype option on import or set low_memory=False.
  df = pd.read_csv(data_url)
/home/user/yawarb/tierfed/.venv/lib/python3.12/site-packages/ucimlrepo/fetch.py:97: DtypeWarning: Columns (0: payer_code) have mixed types. Specify dtype option on import or set low_memory=False.
  df = pd.read_csv(data_url)
[02:34:06] INFO      tierfed | diabetes/mlp | seed 46 | 20 clients | 60 rounds | device cpu
[02:34:06] INFO      tierfed | diabetes/mlp | seed 44 | 20 clients | 60 rounds | device cpu
[02:34:06] INFO      tierfed | diabetes/mlp | seed 45 | 20 clients | 60 rounds | device cpu
[02:34:06] INFO      tierfed | diabetes/mlp | seed 43 | 20 clients | 60 rounds | device cpu
[02:34:06] INFO      tierfed | diabetes/mlp | seed 47 | 20 clients | 60 rounds | device cpu
[02:34:06] INFO      tierfed | diabetes/mlp | seed 42 | 20 clients | 60 rounds | device cpu
[02:37:55] INFO   -> AUROC final 0.7374 best 0.7389 PPD 0.0015 | AUPRC 0.3049 | upload 116.8 MB
[partition] lpt: 20 clients | sizes 648/790/38888 | prevalence 0.068-0.163 | label TV 0.0190
/home/user/yawarb/tierfed/.venv/lib/python3.12/site-packages/ucimlrepo/fetch.py:97: DtypeWarning: Columns (0: payer_code) have mixed types. Specify dtype option on import or set low_memory=False.
  df = pd.read_csv(data_url)
[02:38:08] INFO   -> AUROC final 0.7358 best 0.7377 PPD 0.0019 | AUPRC 0.3142 | upload 116.8 MB
[partition] lpt: 20 clients | sizes 645/794/38898 | prevalence 0.056-0.164 | label TV 0.0182
[02:38:09] INFO      tierfed | diabetes/mlp | seed 48 | 20 clients | 60 rounds | device cpu
[02:38:11] INFO   -> AUROC final 0.7311 best 0.7311 PPD 0.0000 | AUPRC 0.3074 | upload 116.8 MB
[partition] lpt: 20 clients | sizes 650/797/38870 | prevalence 0.052-0.163 | label TV 0.0200
[02:38:23] INFO   -> AUROC final 0.7384 best 0.7384 PPD 0.0000 | AUPRC 0.3194 | upload 116.8 MB
[partition] lpt: 20 clients | sizes 643/781/38955 | prevalence 0.072-0.163 | label TV 0.0169
/home/user/yawarb/tierfed/.venv/lib/python3.12/site-packages/ucimlrepo/fetch.py:97: DtypeWarning: Columns (0: payer_code) have mixed types. Specify dtype option on import or set low_memory=False.
  df = pd.read_csv(data_url)
/home/user/yawarb/tierfed/.venv/lib/python3.12/site-packages/ucimlrepo/fetch.py:97: DtypeWarning: Columns (0: payer_code) have mixed types. Specify dtype option on import or set low_memory=False.
  df = pd.read_csv(data_url)
[02:38:25] INFO   -> AUROC final 0.7446 best 0.7446 PPD 0.0000 | AUPRC 0.3269 | upload 116.8 MB
[partition] lpt: 20 clients | sizes 646/790/38972 | prevalence 0.051-0.162 | label TV 0.0174
[02:38:26] INFO      tierfed | diabetes/mlp | seed 49 | 20 clients | 60 rounds | device cpu
[02:38:26] INFO      tierfed | diabetes/mlp | seed 50 | 20 clients | 60 rounds | device cpu
[02:38:28] INFO   -> AUROC final 0.7370 best 0.7370 PPD 0.0000 | AUPRC 0.3305 | upload 116.8 MB
[partition] lpt: 20 clients | sizes 648/799/38875 | prevalence 0.054-0.156 | label TV 0.0183
/home/user/yawarb/tierfed/.venv/lib/python3.12/site-packages/ucimlrepo/fetch.py:97: DtypeWarning: Columns (0: payer_code) have mixed types. Specify dtype option on import or set low_memory=False.
  df = pd.read_csv(data_url)
/home/user/yawarb/tierfed/.venv/lib/python3.12/site-packages/ucimlrepo/fetch.py:97: DtypeWarning: Columns (0: payer_code) have mixed types. Specify dtype option on import or set low_memory=False.
  df = pd.read_csv(data_url)
[02:38:39] INFO      tierfed | diabetes/mlp | seed 42 | 20 clients | 60 rounds | device cpu
[02:38:39] INFO      tierfed | diabetes/mlp | seed 51 | 20 clients | 60 rounds | device cpu
/home/user/yawarb/tierfed/.venv/lib/python3.12/site-packages/ucimlrepo/fetch.py:97: DtypeWarning: Columns (0: payer_code) have mixed types. Specify dtype option on import or set low_memory=False.
  df = pd.read_csv(data_url)
[02:38:44] INFO      tierfed | diabetes/mlp | seed 43 | 20 clients | 60 rounds | device cpu
[02:42:06] INFO   -> AUROC final 0.7384 best 0.7384 PPD 0.0000 | AUPRC 0.3313 | upload 116.8 MB
[partition] lpt: 20 clients | sizes 653/792/38963 | prevalence 0.067-0.160 | label TV 0.0166
[02:42:14] INFO   -> AUROC final 0.7465 best 0.7465 PPD 0.0000 | AUPRC 0.3295 | upload 116.8 MB
[partition] lpt: 20 clients | sizes 658/784/38861 | prevalence 0.064-0.162 | label TV 0.0161
/home/user/yawarb/tierfed/.venv/lib/python3.12/site-packages/ucimlrepo/fetch.py:97: DtypeWarning: Columns (0: payer_code) have mixed types. Specify dtype option on import or set low_memory=False.
  df = pd.read_csv(data_url)
[02:42:20] INFO      tierfed | diabetes/mlp | seed 44 | 20 clients | 60 rounds | device cpu
[02:42:22] INFO   -> AUROC final 0.7179 best 0.7461 PPD 0.0282 | AUPRC 0.2958 | upload 94.8 MB
[partition] lpt: 20 clients | sizes 648/799/38875 | prevalence 0.055-0.156 | label TV 0.0183
[02:42:24] INFO   -> AUROC final 0.7536 best 0.7536 PPD 0.0000 | AUPRC 0.3352 | upload 116.8 MB
[partition] lpt: 20 clients | sizes 645/800/38959 | prevalence 0.050-0.160 | label TV 0.0199
/home/user/yawarb/tierfed/.venv/lib/python3.12/site-packages/ucimlrepo/fetch.py:97: DtypeWarning: Columns (0: payer_code) have mixed types. Specify dtype option on import or set low_memory=False.
  df = pd.read_csv(data_url)
[02:42:31] INFO      tierfed | diabetes/mlp | seed 45 | 20 clients | 60 rounds | device cpu
/home/user/yawarb/tierfed/.venv/lib/python3.12/site-packages/ucimlrepo/fetch.py:97: DtypeWarning: Columns (0: payer_code) have mixed types. Specify dtype option on import or set low_memory=False.
  df = pd.read_csv(data_url)
/home/user/yawarb/tierfed/.venv/lib/python3.12/site-packages/ucimlrepo/fetch.py:97: DtypeWarning: Columns (0: payer_code) have mixed types. Specify dtype option on import or set low_memory=False.
  df = pd.read_csv(data_url)
[02:42:41] INFO      tierfed | diabetes/mlp | seed 46 | 20 clients | 60 rounds | device cpu
[02:42:41] INFO      tierfed | diabetes/mlp | seed 47 | 20 clients | 60 rounds | device cpu
[02:42:42] INFO   -> AUROC final 0.7435 best 0.7435 PPD 0.0000 | AUPRC 0.3283 | upload 116.8 MB
[partition] lpt: 20 clients | sizes 652/799/38945 | prevalence 0.077-0.157 | label TV 0.0150
[02:42:43] INFO   -> AUROC final 0.7517 best 0.7517 PPD 0.0000 | AUPRC 0.3228 | upload 94.8 MB
[partition] lpt: 20 clients | sizes 648/790/38888 | prevalence 0.068-0.163 | label TV 0.0197
/home/user/yawarb/tierfed/.venv/lib/python3.12/site-packages/ucimlrepo/fetch.py:97: DtypeWarning: Columns (0: payer_code) have mixed types. Specify dtype option on import or set low_memory=False.
  df = pd.read_csv(data_url)
[02:42:57] INFO      tierfed | diabetes/mlp | seed 48 | 20 clients | 60 rounds | device cpu
/home/user/yawarb/tierfed/.venv/lib/python3.12/site-packages/ucimlrepo/fetch.py:97: DtypeWarning: Columns (0: payer_code) have mixed types. Specify dtype option on import or set low_memory=False.
  df = pd.read_csv(data_url)
[02:43:01] INFO      tierfed | diabetes/mlp | seed 49 | 20 clients | 60 rounds | device cpu
[02:46:20] INFO   -> AUROC final 0.7463 best 0.7463 PPD 0.0000 | AUPRC 0.3311 | upload 93.1 MB
[partition] lpt: 20 clients | sizes 643/781/38955 | prevalence 0.072-0.163 | label TV 0.0168
[02:46:32] INFO   -> AUROC final 0.7544 best 0.7544 PPD 0.0000 | AUPRC 0.3410 | upload 93.1 MB
[partition] lpt: 20 clients | sizes 658/784/38861 | prevalence 0.064-0.162 | label TV 0.0163
/home/user/yawarb/tierfed/.venv/lib/python3.12/site-packages/ucimlrepo/fetch.py:97: DtypeWarning: Columns (0: payer_code) have mixed types. Specify dtype option on import or set low_memory=False.
  df = pd.read_csv(data_url)
[02:46:38] INFO      tierfed | diabetes/mlp | seed 50 | 20 clients | 60 rounds | device cpu
/home/user/yawarb/tierfed/.venv/lib/python3.12/site-packages/ucimlrepo/fetch.py:97: DtypeWarning: Columns (0: payer_code) have mixed types. Specify dtype option on import or set low_memory=False.
  df = pd.read_csv(data_url)
[02:46:45] INFO   -> AUROC final 0.7560 best 0.7560 PPD 0.0000 | AUPRC 0.3395 | upload 94.8 MB
[partition] lpt: 20 clients | sizes 646/790/38972 | prevalence 0.049-0.162 | label TV 0.0177
[02:46:46] INFO      tierfed | diabetes/mlp | seed 51 | 20 clients | 60 rounds | device cpu
[02:46:51] INFO   -> AUROC final 0.7145 best 0.7438 PPD 0.0293 | AUPRC 0.2809 | upload 96.8 MB
[partition] lpt: 20 clients | sizes 650/797/38870 | prevalence 0.052-0.163 | label TV 0.0193
[02:47:00] INFO   -> AUROC final 0.7085 best 0.7488 PPD 0.0403 | AUPRC 0.2727 | upload 94.5 MB
[partition] lpt: 20 clients | sizes 645/794/38898 | prevalence 0.056-0.164 | label TV 0.0165
/home/user/yawarb/tierfed/.venv/lib/python3.12/site-packages/ucimlrepo/fetch.py:97: DtypeWarning: Columns (0: payer_code) have mixed types. Specify dtype option on import or set low_memory=False.
  df = pd.read_csv(data_url)
[02:47:02] INFO      tierfed | diabetes/mlp | seed 42 | 20 clients | 60 rounds | device cpu
/home/user/yawarb/tierfed/.venv/lib/python3.12/site-packages/ucimlrepo/fetch.py:97: DtypeWarning: Columns (0: payer_code) have mixed types. Specify dtype option on import or set low_memory=False.
  df = pd.read_csv(data_url)
[02:47:06] INFO      tierfed | diabetes/mlp | seed 43 | 20 clients | 60 rounds | device cpu
/home/user/yawarb/tierfed/.venv/lib/python3.12/site-packages/ucimlrepo/fetch.py:97: DtypeWarning: Columns (0: payer_code) have mixed types. Specify dtype option on import or set low_memory=False.
  df = pd.read_csv(data_url)
[02:47:17] INFO      tierfed | diabetes/mlp | seed 44 | 20 clients | 60 rounds | device cpu
[02:47:21] INFO   -> AUROC final 0.7563 best 0.7563 PPD 0.0000 | AUPRC 0.3489 | upload 92.8 MB
[partition] lpt: 20 clients | sizes 645/800/38959 | prevalence 0.051-0.160 | label TV 0.0200
/home/user/yawarb/tierfed/.venv/lib/python3.12/site-packages/ucimlrepo/fetch.py:97: DtypeWarning: Columns (0: payer_code) have mixed types. Specify dtype option on import or set low_memory=False.
  df = pd.read_csv(data_url)
[02:47:37] INFO      tierfed | diabetes/mlp | seed 45 | 20 clients | 60 rounds | device cpu
[02:49:50] INFO   -> AUROC final 0.7254 best 0.7442 PPD 0.0188 | AUPRC 0.3089 | upload 96.5 MB
[partition] lpt: 20 clients | sizes 653/792/38963 | prevalence 0.067-0.160 | label TV 0.0164
/home/user/yawarb/tierfed/.venv/lib/python3.12/site-packages/ucimlrepo/fetch.py:97: DtypeWarning: Columns (0: payer_code) have mixed types. Specify dtype option on import or set low_memory=False.
  df = pd.read_csv(data_url)
[02:50:07] INFO      tierfed | diabetes/mlp | seed 46 | 20 clients | 60 rounds | device cpu
[02:50:12] INFO   -> AUROC final 0.7321 best 0.7337 PPD 0.0016 | AUPRC 0.3176 | upload 65.7 MB
[partition] lpt: 20 clients | sizes 648/799/38875 | prevalence 0.055-0.156 | label TV 0.0180
/home/user/yawarb/tierfed/.venv/lib/python3.12/site-packages/ucimlrepo/fetch.py:97: DtypeWarning: Columns (0: payer_code) have mixed types. Specify dtype option on import or set low_memory=False.
  df = pd.read_csv(data_url)
[02:50:27] INFO      tierfed | diabetes/mlp | seed 47 | 20 clients | 60 rounds | device cpu
[02:50:36] INFO   -> AUROC final 0.7437 best 0.7437 PPD 0.0000 | AUPRC 0.3113 | upload 65.7 MB
[partition] lpt: 20 clients | sizes 648/790/38888 | prevalence 0.068-0.163 | label TV 0.0197
/home/user/yawarb/tierfed/.venv/lib/python3.12/site-packages/ucimlrepo/fetch.py:97: DtypeWarning: Columns (0: payer_code) have mixed types. Specify dtype option on import or set low_memory=False.
  df = pd.read_csv(data_url)
[02:50:52] INFO      tierfed | diabetes/mlp | seed 48 | 20 clients | 60 rounds | device cpu
[02:50:56] INFO   -> AUROC final 0.7461 best 0.7549 PPD 0.0088 | AUPRC 0.3273 | upload 94.8 MB
[partition] lpt: 20 clients | sizes 652/799/38945 | prevalence 0.075-0.157 | label TV 0.0159
/home/user/yawarb/tierfed/.venv/lib/python3.12/site-packages/ucimlrepo/fetch.py:97: DtypeWarning: Columns (0: payer_code) have mixed types. Specify dtype option on import or set low_memory=False.
  df = pd.read_csv(data_url)
[02:51:11] INFO      tierfed | diabetes/mlp | seed 49 | 20 clients | 60 rounds | device cpu
[02:51:28] INFO   -> AUROC final 0.7437 best 0.7437 PPD 0.0000 | AUPRC 0.3196 | upload 65.7 MB
[partition] lpt: 20 clients | sizes 643/781/38955 | prevalence 0.072-0.163 | label TV 0.0168
/home/user/yawarb/tierfed/.venv/lib/python3.12/site-packages/ucimlrepo/fetch.py:97: DtypeWarning: Columns (0: payer_code) have mixed types. Specify dtype option on import or set low_memory=False.
  df = pd.read_csv(data_url)
[02:51:46] INFO      tierfed | diabetes/mlp | seed 50 | 20 clients | 60 rounds | device cpu
[02:51:50] INFO   -> AUROC final 0.7334 best 0.7334 PPD 0.0000 | AUPRC 0.3130 | upload 65.7 MB
[partition] lpt: 20 clients | sizes 650/797/38870 | prevalence 0.052-0.163 | label TV 0.0195
/home/user/yawarb/tierfed/.venv/lib/python3.12/site-packages/ucimlrepo/fetch.py:97: DtypeWarning: Columns (0: payer_code) have mixed types. Specify dtype option on import or set low_memory=False.
  df = pd.read_csv(data_url)
[02:52:08] INFO      tierfed | diabetes/mlp | seed 51 | 20 clients | 60 rounds | device cpu
[02:54:12] INFO   -> AUROC final 0.7382 best 0.7387 PPD 0.0006 | AUPRC 0.3148 | upload 65.7 MB
[partition] lpt: 20 clients | sizes 645/794/38898 | prevalence 0.054-0.164 | label TV 0.0182
[02:54:16] INFO   -> AUROC final 0.7522 best 0.7522 PPD 0.0000 | AUPRC 0.3337 | upload 65.7 MB
[partition] lpt: 20 clients | sizes 658/784/38861 | prevalence 0.065-0.162 | label TV 0.0160
[02:54:20] INFO   -> AUROC final 0.7470 best 0.7470 PPD 0.0000 | AUPRC 0.3313 | upload 65.7 MB
[partition] lpt: 20 clients | sizes 646/790/38972 | prevalence 0.051-0.162 | label TV 0.0175
/home/user/yawarb/tierfed/.venv/lib/python3.12/site-packages/ucimlrepo/fetch.py:97: DtypeWarning: Columns (0: payer_code) have mixed types. Specify dtype option on import or set low_memory=False.
  df = pd.read_csv(data_url)
[02:54:28] INFO       nested | diabetes/mlp | seed 42 | 20 clients | 60 rounds | device cpu
/home/user/yawarb/tierfed/.venv/lib/python3.12/site-packages/ucimlrepo/fetch.py:97: DtypeWarning: Columns (0: payer_code) have mixed types. Specify dtype option on import or set low_memory=False.
  df = pd.read_csv(data_url)
[02:54:33] INFO       nested | diabetes/mlp | seed 43 | 20 clients | 60 rounds | device cpu
/home/user/yawarb/tierfed/.venv/lib/python3.12/site-packages/ucimlrepo/fetch.py:97: DtypeWarning: Columns (0: payer_code) have mixed types. Specify dtype option on import or set low_memory=False.
  df = pd.read_csv(data_url)
[02:54:37] INFO   -> AUROC final 0.7432 best 0.7432 PPD 0.0000 | AUPRC 0.3241 | upload 65.7 MB
[partition] lpt: 20 clients | sizes 645/800/38959 | prevalence 0.051-0.160 | label TV 0.0199
[02:54:37] INFO       nested | diabetes/mlp | seed 44 | 20 clients | 60 rounds | device cpu
/home/user/yawarb/tierfed/.venv/lib/python3.12/site-packages/ucimlrepo/fetch.py:97: DtypeWarning: Columns (0: payer_code) have mixed types. Specify dtype option on import or set low_memory=False.
  df = pd.read_csv(data_url)
[02:54:53] INFO       nested | diabetes/mlp | seed 45 | 20 clients | 60 rounds | device cpu
[02:55:26] INFO   -> AUROC final 0.7353 best 0.7353 PPD 0.0000 | AUPRC 0.3351 | upload 65.7 MB
[partition] lpt: 20 clients | sizes 653/792/38963 | prevalence 0.063-0.160 | label TV 0.0167
/home/user/yawarb/tierfed/.venv/lib/python3.12/site-packages/ucimlrepo/fetch.py:97: DtypeWarning: Columns (0: payer_code) have mixed types. Specify dtype option on import or set low_memory=False.
  df = pd.read_csv(data_url)
[02:55:43] INFO       nested | diabetes/mlp | seed 46 | 20 clients | 60 rounds | device cpu
[02:55:51] INFO   -> AUROC final 0.7493 best 0.7493 PPD 0.0000 | AUPRC 0.3380 | upload 65.7 MB
[partition] lpt: 20 clients | sizes 652/799/38945 | prevalence 0.077-0.157 | label TV 0.0154
/home/user/yawarb/tierfed/.venv/lib/python3.12/site-packages/ucimlrepo/fetch.py:97: DtypeWarning: Columns (0: payer_code) have mixed types. Specify dtype option on import or set low_memory=False.
  df = pd.read_csv(data_url)
[02:56:08] INFO       nested | diabetes/mlp | seed 47 | 20 clients | 60 rounds | device cpu
[02:57:26] INFO   -> AUROC final 0.7043 best 0.7598 PPD 0.0556 | AUPRC 0.2673 | upload 140.7 MB
[partition] lpt: 20 clients | sizes 648/790/38888 | prevalence 0.069-0.163 | label TV 0.0192
/home/user/yawarb/tierfed/.venv/lib/python3.12/site-packages/ucimlrepo/fetch.py:97: DtypeWarning: Columns (0: payer_code) have mixed types. Specify dtype option on import or set low_memory=False.
  df = pd.read_csv(data_url)
[02:57:42] INFO       nested | diabetes/mlp | seed 48 | 20 clients | 60 rounds | device cpu
[02:57:46] INFO   -> AUROC final 0.6991 best 0.7595 PPD 0.0604 | AUPRC 0.2758 | upload 140.7 MB
[partition] lpt: 20 clients | sizes 643/781/38955 | prevalence 0.072-0.163 | label TV 0.0168
[02:57:55] INFO   -> AUROC final 0.6983 best 0.7546 PPD 0.0562 | AUPRC 0.2742 | upload 140.7 MB
[partition] lpt: 20 clients | sizes 648/799/38875 | prevalence 0.055-0.156 | label TV 0.0182
/home/user/yawarb/tierfed/.venv/lib/python3.12/site-packages/ucimlrepo/fetch.py:97: DtypeWarning: Columns (0: payer_code) have mixed types. Specify dtype option on import or set low_memory=False.
  df = pd.read_csv(data_url)
[02:58:01] INFO       nested | diabetes/mlp | seed 49 | 20 clients | 60 rounds | device cpu
/home/user/yawarb/tierfed/.venv/lib/python3.12/site-packages/ucimlrepo/fetch.py:97: DtypeWarning: Columns (0: payer_code) have mixed types. Specify dtype option on import or set low_memory=False.
  df = pd.read_csv(data_url)
[02:58:11] INFO       nested | diabetes/mlp | seed 50 | 20 clients | 60 rounds | device cpu
[02:58:12] INFO   -> AUROC final 0.6927 best 0.7497 PPD 0.0569 | AUPRC 0.2630 | upload 140.7 MB
[partition] lpt: 20 clients | sizes 650/797/38870 | prevalence 0.052-0.163 | label TV 0.0195
/home/user/yawarb/tierfed/.venv/lib/python3.12/site-packages/ucimlrepo/fetch.py:97: DtypeWarning: Columns (0: payer_code) have mixed types. Specify dtype option on import or set low_memory=False.
  df = pd.read_csv(data_url)
[02:58:25] INFO       nested | diabetes/mlp | seed 51 | 20 clients | 60 rounds | device cpu
[02:59:00] INFO   -> AUROC final 0.7023 best 0.7576 PPD 0.0553 | AUPRC 0.2787 | upload 140.7 MB
[partition] lpt: 20 clients | sizes 645/794/38898 | prevalence 0.057-0.164 | label TV 0.0165
[02:59:15] INFO   -> AUROC final 0.7058 best 0.7656 PPD 0.0598 | AUPRC 0.2834 | upload 140.7 MB
[partition] lpt: 20 clients | sizes 646/790/38972 | prevalence 0.049-0.162 | label TV 0.0176
[03:00:14] INFO   -> AUROC final 0.7082 best 0.7636 PPD 0.0554 | AUPRC 0.2832 | upload 140.7 MB
[partition] lpt: 20 clients | sizes 658/784/38861 | prevalence 0.065-0.162 | label TV 0.0163
[03:00:29] INFO   -> AUROC final 0.7024 best 0.7691 PPD 0.0667 | AUPRC 0.2819 | upload 140.7 MB
[partition] lpt: 20 clients | sizes 645/800/38959 | prevalence 0.050-0.160 | label TV 0.0200
[03:00:37] INFO   -> AUROC final 0.6986 best 0.7531 PPD 0.0545 | AUPRC 0.2826 | upload 140.7 MB
[partition] lpt: 20 clients | sizes 653/792/38963 | prevalence 0.063-0.160 | label TV 0.0166
[03:00:52] INFO   -> AUROC final 0.7086 best 0.7691 PPD 0.0605 | AUPRC 0.2885 | upload 140.7 MB
[partition] lpt: 20 clients | sizes 652/799/38945 | prevalence 0.077-0.157 | label TV 0.0150
DONE_TIERFED
