nohup: ignoring input
/home/user/yawarb/tierfed/.venv/lib/python3.12/site-packages/ucimlrepo/fetch.py:97: DtypeWarning: Columns (0: payer_code) have mixed types. Specify dtype option on import or set low_memory=False.
  df = pd.read_csv(data_url)
/home/user/yawarb/tierfed/.venv/lib/python3.12/site-packages/ucimlrepo/fetch.py:97: DtypeWarning: Columns (0: payer_code) have mixed types. Specify dtype option on import or set low_memory=False.
  df = pd.read_csv(data_url)
[19:56:15] INFO      tierfed | diabetes/mlp | seed 47 | 20 clients | 60 rounds | device cpu
[19:56:15] INFO      tierfed | diabetes/mlp | seed 47 | 20 clients | 60 rounds | device cpu
[19:59:32] INFO   -> AUROC final 0.7519 best 0.7519 PPD 0.0000 | AUPRC 0.3409 | upload 65.7 MB
[partition] lpt: 20 clients | sizes 646/790/38972 | prevalence 0.049-0.162 | label TV 0.0178
[19:59:33] INFO   -> AUROC final 0.7472 best 0.7472 PPD 0.0000 | AUPRC 0.3352 | upload 16.4 MB
[partition] lpt: 20 clients | sizes 646/790/38972 | prevalence 0.049-0.162 | label TV 0.0179
/home/user/yawarb/tierfed/.venv/lib/python3.12/site-packages/ucimlrepo/fetch.py:97: DtypeWarning: Columns (0: payer_code) have mixed types. Specify dtype option on import or set low_memory=False.
  df = pd.read_csv(data_url)
/home/user/yawarb/tierfed/.venv/lib/python3.12/site-packages/ucimlrepo/fetch.py:97: DtypeWarning: Columns (0: payer_code) have mixed types. Specify dtype option on import or set low_memory=False.
  df = pd.read_csv(data_url)
[20:00:03] INFO      tierfed | diabetes/mlp | seed 47 | 20 clients | 60 rounds | device cpu
[20:00:03] INFO      tierfed | diabetes/mlp | seed 47 | 20 clients | 60 rounds | device cpu
[20:03:14] INFO   -> AUROC final 0.6925 best 0.6944 PPD 0.0019 | AUPRC 0.2730 | upload 9.5 MB
[partition] lpt: 20 clients | sizes 646/790/38972 | prevalence 0.049-0.162 | label TV 0.0178
[20:03:26] INFO   -> AUROC final 0.7463 best 0.7463 PPD 0.0000 | AUPRC 0.3337 | upload 65.7 MB
[partition] lpt: 20 clients | sizes 646/790/38972 | prevalence 0.049-0.162 | label TV 0.0175
/home/user/yawarb/tierfed/.venv/lib/python3.12/site-packages/ucimlrepo/fetch.py:97: DtypeWarning: Columns (0: payer_code) have mixed types. Specify dtype option on import or set low_memory=False.
  df = pd.read_csv(data_url)
[20:03:45] INFO      tierfed | diabetes/mlp | seed 47 | 20 clients | 60 rounds | device cpu
/home/user/yawarb/tierfed/.venv/lib/python3.12/site-packages/ucimlrepo/fetch.py:97: DtypeWarning: Columns (0: payer_code) have mixed types. Specify dtype option on import or set low_memory=False.
  df = pd.read_csv(data_url)
[20:03:59] INFO      tierfed | diabetes/mlp | seed 48 | 20 clients | 60 rounds | device cpu
[20:06:22] INFO   -> AUROC final 0.7460 best 0.7460 PPD 0.0000 | AUPRC 0.3341 | upload 65.7 MB
[partition] lpt: 20 clients | sizes 646/790/38972 | prevalence 0.049-0.162 | label TV 0.0176
[20:06:37] INFO   -> AUROC final 0.7480 best 0.7513 PPD 0.0033 | AUPRC 0.3276 | upload 65.7 MB
[partition] lpt: 20 clients | sizes 658/784/38861 | prevalence 0.064-0.162 | label TV 0.0161
/home/user/yawarb/tierfed/.venv/lib/python3.12/site-packages/ucimlrepo/fetch.py:97: DtypeWarning: Columns (0: payer_code) have mixed types. Specify dtype option on import or set low_memory=False.
  df = pd.read_csv(data_url)
[20:06:56] INFO      tierfed | diabetes/mlp | seed 48 | 20 clients | 60 rounds | device cpu
/home/user/yawarb/tierfed/.venv/lib/python3.12/site-packages/ucimlrepo/fetch.py:97: DtypeWarning: Columns (0: payer_code) have mixed types. Specify dtype option on import or set low_memory=False.
  df = pd.read_csv(data_url)
[20:07:10] INFO      tierfed | diabetes/mlp | seed 48 | 20 clients | 60 rounds | device cpu
[20:09:36] INFO   -> AUROC final 0.7484 best 0.7501 PPD 0.0017 | AUPRC 0.3302 | upload 16.4 MB
[partition] lpt: 20 clients | sizes 658/784/38861 | prevalence 0.064-0.162 | label TV 0.0160
[20:09:50] INFO   -> AUROC final 0.7010 best 0.7010 PPD 0.0000 | AUPRC 0.2691 | upload 9.5 MB
[partition] lpt: 20 clients | sizes 658/784/38861 | prevalence 0.064-0.162 | label TV 0.0161
/home/user/yawarb/tierfed/.venv/lib/python3.12/site-packages/ucimlrepo/fetch.py:97: DtypeWarning: Columns (0: payer_code) have mixed types. Specify dtype option on import or set low_memory=False.
  df = pd.read_csv(data_url)
[20:10:11] INFO      tierfed | diabetes/mlp | seed 48 | 20 clients | 60 rounds | device cpu
/home/user/yawarb/tierfed/.venv/lib/python3.12/site-packages/ucimlrepo/fetch.py:97: DtypeWarning: Columns (0: payer_code) have mixed types. Specify dtype option on import or set low_memory=False.
  df = pd.read_csv(data_url)
[20:10:26] INFO      tierfed | diabetes/mlp | seed 48 | 20 clients | 60 rounds | device cpu
[20:13:02] INFO   -> AUROC final 0.7526 best 0.7526 PPD 0.0000 | AUPRC 0.3346 | upload 65.7 MB
[partition] lpt: 20 clients | sizes 658/784/38861 | prevalence 0.065-0.162 | label TV 0.0160
[20:13:05] INFO   -> AUROC final 0.7520 best 0.7549 PPD 0.0029 | AUPRC 0.3335 | upload 65.7 MB
[partition] lpt: 20 clients | sizes 658/784/38861 | prevalence 0.065-0.162 | label TV 0.0161
/home/user/yawarb/tierfed/.venv/lib/python3.12/site-packages/ucimlrepo/fetch.py:97: DtypeWarning: Columns (0: payer_code) have mixed types. Specify dtype option on import or set low_memory=False.
  df = pd.read_csv(data_url)
/home/user/yawarb/tierfed/.venv/lib/python3.12/site-packages/ucimlrepo/fetch.py:97: DtypeWarning: Columns (0: payer_code) have mixed types. Specify dtype option on import or set low_memory=False.
  df = pd.read_csv(data_url)
[20:13:32] INFO      tierfed | diabetes/mlp | seed 49 | 20 clients | 60 rounds | device cpu
[20:13:32] INFO      tierfed | diabetes/mlp | seed 49 | 20 clients | 60 rounds | device cpu
[20:16:08] INFO   -> AUROC final 0.7442 best 0.7468 PPD 0.0026 | AUPRC 0.3242 | upload 65.7 MB
[partition] lpt: 20 clients | sizes 645/800/38959 | prevalence 0.051-0.160 | label TV 0.0199
[20:16:10] INFO   -> AUROC final 0.7445 best 0.7462 PPD 0.0016 | AUPRC 0.3220 | upload 16.4 MB
[partition] lpt: 20 clients | sizes 645/800/38959 | prevalence 0.051-0.160 | label TV 0.0199
/home/user/yawarb/tierfed/.venv/lib/python3.12/site-packages/ucimlrepo/fetch.py:97: DtypeWarning: Columns (0: payer_code) have mixed types. Specify dtype option on import or set low_memory=False.
  df = pd.read_csv(data_url)
/home/user/yawarb/tierfed/.venv/lib/python3.12/site-packages/ucimlrepo/fetch.py:97: DtypeWarning: Columns (0: payer_code) have mixed types. Specify dtype option on import or set low_memory=False.
  df = pd.read_csv(data_url)
[20:16:40] INFO      tierfed | diabetes/mlp | seed 49 | 20 clients | 60 rounds | device cpu
[20:16:40] INFO      tierfed | diabetes/mlp | seed 49 | 20 clients | 60 rounds | device cpu
[20:19:18] INFO   -> AUROC final 0.6979 best 0.6983 PPD 0.0003 | AUPRC 0.2667 | upload 9.5 MB
[partition] lpt: 20 clients | sizes 645/800/38959 | prevalence 0.051-0.160 | label TV 0.0202
[20:19:27] INFO   -> AUROC final 0.7445 best 0.7445 PPD 0.0000 | AUPRC 0.3340 | upload 65.7 MB
[partition] lpt: 20 clients | sizes 645/800/38959 | prevalence 0.051-0.160 | label TV 0.0199
/home/user/yawarb/tierfed/.venv/lib/python3.12/site-packages/ucimlrepo/fetch.py:97: DtypeWarning: Columns (0: payer_code) have mixed types. Specify dtype option on import or set low_memory=False.
  df = pd.read_csv(data_url)
[20:19:52] INFO      tierfed | diabetes/mlp | seed 49 | 20 clients | 60 rounds | device cpu
/home/user/yawarb/tierfed/.venv/lib/python3.12/site-packages/ucimlrepo/fetch.py:97: DtypeWarning: Columns (0: payer_code) have mixed types. Specify dtype option on import or set low_memory=False.
  df = pd.read_csv(data_url)
[20:20:01] INFO      tierfed | diabetes/mlp | seed 50 | 20 clients | 60 rounds | device cpu
[20:22:30] INFO   -> AUROC final 0.7414 best 0.7414 PPD 0.0000 | AUPRC 0.3253 | upload 65.7 MB
[partition] lpt: 20 clients | sizes 645/800/38959 | prevalence 0.050-0.160 | label TV 0.0200
[20:22:39] INFO   -> AUROC final 0.7402 best 0.7402 PPD 0.0000 | AUPRC 0.3365 | upload 65.7 MB
[partition] lpt: 20 clients | sizes 653/792/38963 | prevalence 0.067-0.160 | label TV 0.0165
/home/user/yawarb/tierfed/.venv/lib/python3.12/site-packages/ucimlrepo/fetch.py:97: DtypeWarning: Columns (0: payer_code) have mixed types. Specify dtype option on import or set low_memory=False.
  df = pd.read_csv(data_url)
[20:23:02] INFO      tierfed | diabetes/mlp | seed 50 | 20 clients | 60 rounds | device cpu
/home/user/yawarb/tierfed/.venv/lib/python3.12/site-packages/ucimlrepo/fetch.py:97: DtypeWarning: Columns (0: payer_code) have mixed types. Specify dtype option on import or set low_memory=False.
  df = pd.read_csv(data_url)
[20:23:12] INFO      tierfed | diabetes/mlp | seed 50 | 20 clients | 60 rounds | device cpu
[20:25:41] INFO   -> AUROC final 0.7345 best 0.7345 PPD 0.0000 | AUPRC 0.3299 | upload 16.4 MB
[partition] lpt: 20 clients | sizes 653/792/38963 | prevalence 0.067-0.160 | label TV 0.0166
[20:25:51] INFO   -> AUROC final 0.6842 best 0.6868 PPD 0.0026 | AUPRC 0.2620 | upload 9.5 MB
[partition] lpt: 20 clients | sizes 653/792/38963 | prevalence 0.063-0.160 | label TV 0.0165
/home/user/yawarb/tierfed/.venv/lib/python3.12/site-packages/ucimlrepo/fetch.py:97: DtypeWarning: Columns (0: payer_code) have mixed types. Specify dtype option on import or set low_memory=False.
  df = pd.read_csv(data_url)
[20:26:15] INFO      tierfed | diabetes/mlp | seed 50 | 20 clients | 60 rounds | device cpu
/home/user/yawarb/tierfed/.venv/lib/python3.12/site-packages/ucimlrepo/fetch.py:97: DtypeWarning: Columns (0: payer_code) have mixed types. Specify dtype option on import or set low_memory=False.
  df = pd.read_csv(data_url)
[20:26:20] INFO      tierfed | diabetes/mlp | seed 50 | 20 clients | 60 rounds | device cpu
[20:28:59] INFO   -> AUROC final 0.7343 best 0.7343 PPD 0.0000 | AUPRC 0.3360 | upload 65.7 MB
[partition] lpt: 20 clients | sizes 653/792/38963 | prevalence 0.067-0.160 | label TV 0.0166
[20:29:05] INFO   -> AUROC final 0.7370 best 0.7370 PPD 0.0000 | AUPRC 0.3349 | upload 65.7 MB
[partition] lpt: 20 clients | sizes 653/792/38963 | prevalence 0.067-0.160 | label TV 0.0166
/home/user/yawarb/tierfed/.venv/lib/python3.12/site-packages/ucimlrepo/fetch.py:97: DtypeWarning: Columns (0: payer_code) have mixed types. Specify dtype option on import or set low_memory=False.
  df = pd.read_csv(data_url)
/home/user/yawarb/tierfed/.venv/lib/python3.12/site-packages/ucimlrepo/fetch.py:97: DtypeWarning: Columns (0: payer_code) have mixed types. Specify dtype option on import or set low_memory=False.
  df = pd.read_csv(data_url)
[20:29:32] INFO      tierfed | diabetes/mlp | seed 51 | 20 clients | 60 rounds | device cpu
[20:29:32] INFO      tierfed | diabetes/mlp | seed 51 | 20 clients | 60 rounds | device cpu
[20:32:08] INFO   -> AUROC final 0.7485 best 0.7485 PPD 0.0000 | AUPRC 0.3295 | upload 65.7 MB
[partition] lpt: 20 clients | sizes 652/799/38945 | prevalence 0.075-0.157 | label TV 0.0150
[20:32:10] INFO   -> AUROC final 0.7437 best 0.7437 PPD 0.0000 | AUPRC 0.3309 | upload 16.4 MB
[partition] lpt: 20 clients | sizes 652/799/38945 | prevalence 0.077-0.157 | label TV 0.0153
/home/user/yawarb/tierfed/.venv/lib/python3.12/site-packages/ucimlrepo/fetch.py:97: DtypeWarning: Columns (0: payer_code) have mixed types. Specify dtype option on import or set low_memory=False.
  df = pd.read_csv(data_url)
/home/user/yawarb/tierfed/.venv/lib/python3.12/site-packages/ucimlrepo/fetch.py:97: DtypeWarning: Columns (0: payer_code) have mixed types. Specify dtype option on import or set low_memory=False.
  df = pd.read_csv(data_url)
[20:32:41] INFO      tierfed | diabetes/mlp | seed 51 | 20 clients | 60 rounds | device cpu
[20:32:41] INFO      tierfed | diabetes/mlp | seed 51 | 20 clients | 60 rounds | device cpu
[20:35:18] INFO   -> AUROC final 0.7031 best 0.7031 PPD 0.0000 | AUPRC 0.2715 | upload 9.5 MB
[partition] lpt: 20 clients | sizes 652/799/38945 | prevalence 0.075-0.157 | label TV 0.0150
[20:35:29] INFO   -> AUROC final 0.7511 best 0.7511 PPD 0.0000 | AUPRC 0.3402 | upload 65.7 MB
[partition] lpt: 20 clients | sizes 652/799/38945 | prevalence 0.075-0.157 | label TV 0.0153
/home/user/yawarb/tierfed/.venv/lib/python3.12/site-packages/ucimlrepo/fetch.py:97: DtypeWarning: Columns (0: payer_code) have mixed types. Specify dtype option on import or set low_memory=False.
  df = pd.read_csv(data_url)
[20:35:57] INFO      tierfed | diabetes/mlp | seed 51 | 20 clients | 60 rounds | device cpu
/home/user/yawarb/tierfed/.venv/lib/python3.12/site-packages/ucimlrepo/fetch.py:97: DtypeWarning: Columns (0: payer_code) have mixed types. Specify dtype option on import or set low_memory=False.
  df = pd.read_csv(data_url)
[20:36:02] INFO      tierfed | diabetes/mlp | seed 46 | 20 clients | 60 rounds | device cpu
[20:38:36] INFO   -> AUROC final 0.7506 best 0.7506 PPD 0.0000 | AUPRC 0.3349 | upload 65.7 MB
[partition] lpt: 20 clients | sizes 652/799/38945 | prevalence 0.075-0.157 | label TV 0.0154
[20:38:40] INFO   -> AUROC final 0.6883 best 0.6890 PPD 0.0007 | AUPRC 0.2516 | upload 9.5 MB
[partition] lpt: 20 clients | sizes 645/794/38898 | prevalence 0.056-0.164 | label TV 0.0165
DONE_TOP10
