nohup: ignoring input
/home/user/yawarb/tierfed/.venv/lib/python3.12/site-packages/ucimlrepo/fetch.py:97: DtypeWarning: Columns (0: payer_code) have mixed types. Specify dtype option on import or set low_memory=False.
  df = pd.read_csv(data_url)
[06:21:27] INFO      tierfed | diabetes/mlp | seed 47 | 20 clients | 60 rounds | device cpu
[06:25:29] INFO   -> AUROC final 0.6877 best 0.7159 PPD 0.0282 | AUPRC 0.2663 | upload 1.5 MB
[partition] lpt: 20 clients | sizes 646/790/38972 | prevalence 0.051-0.162 | label TV 0.0176
/home/user/yawarb/tierfed/.venv/lib/python3.12/site-packages/ucimlrepo/fetch.py:97: DtypeWarning: Columns (0: payer_code) have mixed types. Specify dtype option on import or set low_memory=False.
  df = pd.read_csv(data_url)
[06:26:00] INFO      tierfed | diabetes/mlp | seed 47 | 20 clients | 60 rounds | device cpu
[06:30:11] INFO   -> AUROC final 0.6937 best 0.6977 PPD 0.0040 | AUPRC 0.2721 | upload 9.5 MB
[partition] lpt: 20 clients | sizes 646/790/38972 | prevalence 0.051-0.162 | label TV 0.0177
/home/user/yawarb/tierfed/.venv/lib/python3.12/site-packages/ucimlrepo/fetch.py:97: DtypeWarning: Columns (0: payer_code) have mixed types. Specify dtype option on import or set low_memory=False.
  df = pd.read_csv(data_url)
[06:30:34] INFO      tierfed | diabetes/mlp | seed 47 | 20 clients | 60 rounds | device cpu
[06:34:40] INFO   -> AUROC final 0.7389 best 0.7389 PPD 0.0000 | AUPRC 0.3412 | upload 65.7 MB
[partition] lpt: 20 clients | sizes 646/790/38972 | prevalence 0.049-0.162 | label TV 0.0178
/home/user/yawarb/tierfed/.venv/lib/python3.12/site-packages/ucimlrepo/fetch.py:97: DtypeWarning: Columns (0: payer_code) have mixed types. Specify dtype option on import or set low_memory=False.
  df = pd.read_csv(data_url)
[06:35:02] INFO      tierfed | diabetes/mlp | seed 47 | 20 clients | 60 rounds | device cpu
[06:39:19] INFO   -> AUROC final 0.7079 best 0.7079 PPD 0.0000 | AUPRC 0.2786 | upload 65.7 MB
[partition] lpt: 20 clients | sizes 646/790/38972 | prevalence 0.051-0.162 | label TV 0.0176
/home/user/yawarb/tierfed/.venv/lib/python3.12/site-packages/ucimlrepo/fetch.py:97: DtypeWarning: Columns (0: payer_code) have mixed types. Specify dtype option on import or set low_memory=False.
  df = pd.read_csv(data_url)
[06:39:37] INFO      tierfed | diabetes/mlp | seed 48 | 20 clients | 60 rounds | device cpu
[06:43:53] INFO   -> AUROC final 0.7185 best 0.7195 PPD 0.0010 | AUPRC 0.2916 | upload 1.5 MB
[partition] lpt: 20 clients | sizes 658/784/38861 | prevalence 0.064-0.162 | label TV 0.0160
/home/user/yawarb/tierfed/.venv/lib/python3.12/site-packages/ucimlrepo/fetch.py:97: DtypeWarning: Columns (0: payer_code) have mixed types. Specify dtype option on import or set low_memory=False.
  df = pd.read_csv(data_url)
[06:44:19] INFO      tierfed | diabetes/mlp | seed 48 | 20 clients | 60 rounds | device cpu
[06:48:24] INFO   -> AUROC final 0.6994 best 0.7001 PPD 0.0008 | AUPRC 0.2659 | upload 9.5 MB
[partition] lpt: 20 clients | sizes 658/784/38861 | prevalence 0.065-0.162 | label TV 0.0160
/home/user/yawarb/tierfed/.venv/lib/python3.12/site-packages/ucimlrepo/fetch.py:97: DtypeWarning: Columns (0: payer_code) have mixed types. Specify dtype option on import or set low_memory=False.
  df = pd.read_csv(data_url)
[06:48:40] INFO      tierfed | diabetes/mlp | seed 48 | 20 clients | 60 rounds | device cpu
[06:52:44] INFO   -> AUROC final 0.7390 best 0.7441 PPD 0.0051 | AUPRC 0.3398 | upload 65.7 MB
[partition] lpt: 20 clients | sizes 658/784/38861 | prevalence 0.065-0.162 | label TV 0.0161
/home/user/yawarb/tierfed/.venv/lib/python3.12/site-packages/ucimlrepo/fetch.py:97: DtypeWarning: Columns (0: payer_code) have mixed types. Specify dtype option on import or set low_memory=False.
  df = pd.read_csv(data_url)
[06:52:59] INFO      tierfed | diabetes/mlp | seed 48 | 20 clients | 60 rounds | device cpu
[06:57:17] INFO   -> AUROC final 0.7102 best 0.7170 PPD 0.0068 | AUPRC 0.2703 | upload 65.7 MB
[partition] lpt: 20 clients | sizes 658/784/38861 | prevalence 0.065-0.162 | label TV 0.0161
/home/user/yawarb/tierfed/.venv/lib/python3.12/site-packages/ucimlrepo/fetch.py:97: DtypeWarning: Columns (0: payer_code) have mixed types. Specify dtype option on import or set low_memory=False.
  df = pd.read_csv(data_url)
[06:57:32] INFO      tierfed | diabetes/mlp | seed 49 | 20 clients | 60 rounds | device cpu
[07:01:44] INFO   -> AUROC final 0.6876 best 0.7204 PPD 0.0327 | AUPRC 0.2567 | upload 1.5 MB
[partition] lpt: 20 clients | sizes 645/800/38959 | prevalence 0.051-0.160 | label TV 0.0200
/home/user/yawarb/tierfed/.venv/lib/python3.12/site-packages/ucimlrepo/fetch.py:97: DtypeWarning: Columns (0: payer_code) have mixed types. Specify dtype option on import or set low_memory=False.
  df = pd.read_csv(data_url)
[07:02:16] INFO      tierfed | diabetes/mlp | seed 49 | 20 clients | 60 rounds | device cpu
[07:06:13] INFO   -> AUROC final 0.6952 best 0.6952 PPD 0.0000 | AUPRC 0.2640 | upload 9.5 MB
[partition] lpt: 20 clients | sizes 645/800/38959 | prevalence 0.050-0.160 | label TV 0.0200
/home/user/yawarb/tierfed/.venv/lib/python3.12/site-packages/ucimlrepo/fetch.py:97: DtypeWarning: Columns (0: payer_code) have mixed types. Specify dtype option on import or set low_memory=False.
  df = pd.read_csv(data_url)
[07:06:37] INFO      tierfed | diabetes/mlp | seed 49 | 20 clients | 60 rounds | device cpu
[07:10:08] INFO   -> AUROC final 0.7405 best 0.7405 PPD 0.0000 | AUPRC 0.3483 | upload 65.7 MB
[partition] lpt: 20 clients | sizes 645/800/38959 | prevalence 0.051-0.160 | label TV 0.0204
/home/user/yawarb/tierfed/.venv/lib/python3.12/site-packages/ucimlrepo/fetch.py:97: DtypeWarning: Columns (0: payer_code) have mixed types. Specify dtype option on import or set low_memory=False.
  df = pd.read_csv(data_url)
[07:10:32] INFO      tierfed | diabetes/mlp | seed 49 | 20 clients | 60 rounds | device cpu
[07:14:07] INFO   -> AUROC final 0.7076 best 0.7098 PPD 0.0022 | AUPRC 0.2759 | upload 65.7 MB
[partition] lpt: 20 clients | sizes 645/800/38959 | prevalence 0.050-0.160 | label TV 0.0199
/home/user/yawarb/tierfed/.venv/lib/python3.12/site-packages/ucimlrepo/fetch.py:97: DtypeWarning: Columns (0: payer_code) have mixed types. Specify dtype option on import or set low_memory=False.
  df = pd.read_csv(data_url)
[07:14:29] INFO      tierfed | diabetes/mlp | seed 50 | 20 clients | 60 rounds | device cpu
[07:17:49] INFO   -> AUROC final 0.6800 best 0.7085 PPD 0.0285 | AUPRC 0.2621 | upload 1.5 MB
[partition] lpt: 20 clients | sizes 653/792/38963 | prevalence 0.067-0.160 | label TV 0.0166
/home/user/yawarb/tierfed/.venv/lib/python3.12/site-packages/ucimlrepo/fetch.py:97: DtypeWarning: Columns (0: payer_code) have mixed types. Specify dtype option on import or set low_memory=False.
  df = pd.read_csv(data_url)
[07:18:03] INFO      tierfed | diabetes/mlp | seed 50 | 20 clients | 60 rounds | device cpu
[07:21:27] INFO   -> AUROC final 0.6861 best 0.6888 PPD 0.0026 | AUPRC 0.2631 | upload 9.5 MB
[partition] lpt: 20 clients | sizes 653/792/38963 | prevalence 0.067-0.160 | label TV 0.0166
/home/user/yawarb/tierfed/.venv/lib/python3.12/site-packages/ucimlrepo/fetch.py:97: DtypeWarning: Columns (0: payer_code) have mixed types. Specify dtype option on import or set low_memory=False.
  df = pd.read_csv(data_url)
[07:21:40] INFO      tierfed | diabetes/mlp | seed 50 | 20 clients | 60 rounds | device cpu
[07:24:58] INFO   -> AUROC final 0.7192 best 0.7192 PPD 0.0000 | AUPRC 0.3342 | upload 65.7 MB
[partition] lpt: 20 clients | sizes 653/792/38963 | prevalence 0.067-0.160 | label TV 0.0166
/home/user/yawarb/tierfed/.venv/lib/python3.12/site-packages/ucimlrepo/fetch.py:97: DtypeWarning: Columns (0: payer_code) have mixed types. Specify dtype option on import or set low_memory=False.
  df = pd.read_csv(data_url)
[07:25:20] INFO      tierfed | diabetes/mlp | seed 50 | 20 clients | 60 rounds | device cpu
[07:28:51] INFO   -> AUROC final 0.6897 best 0.6917 PPD 0.0019 | AUPRC 0.2730 | upload 65.7 MB
[partition] lpt: 20 clients | sizes 653/792/38963 | prevalence 0.067-0.160 | label TV 0.0165
/home/user/yawarb/tierfed/.venv/lib/python3.12/site-packages/ucimlrepo/fetch.py:97: DtypeWarning: Columns (0: payer_code) have mixed types. Specify dtype option on import or set low_memory=False.
  df = pd.read_csv(data_url)
[07:29:09] INFO      tierfed | diabetes/mlp | seed 51 | 20 clients | 60 rounds | device cpu
[07:32:34] INFO   -> AUROC final 0.6952 best 0.7269 PPD 0.0317 | AUPRC 0.2586 | upload 1.5 MB
[partition] lpt: 20 clients | sizes 652/799/38945 | prevalence 0.075-0.157 | label TV 0.0160
/home/user/yawarb/tierfed/.venv/lib/python3.12/site-packages/ucimlrepo/fetch.py:97: DtypeWarning: Columns (0: payer_code) have mixed types. Specify dtype option on import or set low_memory=False.
  df = pd.read_csv(data_url)
[07:32:51] INFO      tierfed | diabetes/mlp | seed 51 | 20 clients | 60 rounds | device cpu
[07:36:12] INFO   -> AUROC final 0.7013 best 0.7013 PPD 0.0000 | AUPRC 0.2711 | upload 9.5 MB
[partition] lpt: 20 clients | sizes 652/799/38945 | prevalence 0.077-0.157 | label TV 0.0154
/home/user/yawarb/tierfed/.venv/lib/python3.12/site-packages/ucimlrepo/fetch.py:97: DtypeWarning: Columns (0: payer_code) have mixed types. Specify dtype option on import or set low_memory=False.
  df = pd.read_csv(data_url)
[07:36:26] INFO      tierfed | diabetes/mlp | seed 51 | 20 clients | 60 rounds | device cpu
[07:39:49] INFO   -> AUROC final 0.7398 best 0.7398 PPD 0.0000 | AUPRC 0.3387 | upload 65.7 MB
[partition] lpt: 20 clients | sizes 652/799/38945 | prevalence 0.077-0.157 | label TV 0.0150
/home/user/yawarb/tierfed/.venv/lib/python3.12/site-packages/ucimlrepo/fetch.py:97: DtypeWarning: Columns (0: payer_code) have mixed types. Specify dtype option on import or set low_memory=False.
  df = pd.read_csv(data_url)
[07:40:03] INFO      tierfed | diabetes/mlp | seed 51 | 20 clients | 60 rounds | device cpu
[07:43:33] INFO   -> AUROC final 0.6989 best 0.6996 PPD 0.0007 | AUPRC 0.2746 | upload 65.7 MB
[partition] lpt: 20 clients | sizes 652/799/38945 | prevalence 0.077-0.157 | label TV 0.0150
DONE_TOPUP
